Archive member included to satisfy reference by file (symbol)

C:\devkitPro/libnx/lib\libnx.a(applet.o)
                              main.o (appletMainLoop)
C:\devkitPro/libnx/lib\libnx.a(hid.o)
                              main.o (hidGetNpadStyleSet)
C:\devkitPro/libnx/lib\libnx.a(hiddbg.o)
                              main.o (hiddbgInitialize)
C:\devkitPro/libnx/lib\libnx.a(sm.o)
                              C:\devkitPro/libnx/lib\libnx.a(applet.o) (smGetServiceWrapper)
C:\devkitPro/libnx/lib\libnx.a(alloc.o)
                              C:\devkitPro/libnx/lib\libnx.a(hid.o) (__libnx_aligned_alloc)
C:\devkitPro/libnx/lib\libnx.a(diag.o)
                              C:\devkitPro/libnx/lib\libnx.a(applet.o) (diagAbortWithResult)
C:\devkitPro/libnx/lib\libnx.a(env.o)
                              C:\devkitPro/libnx/lib\libnx.a(applet.o) (envIsNso)
C:\devkitPro/libnx/lib\libnx.a(hosversion.o)
                              C:\devkitPro/libnx/lib\libnx.a(applet.o) (hosversionGet)
C:\devkitPro/libnx/lib\libnx.a(pad.o)
                              main.o (padConfigureInput)
C:\devkitPro/libnx/lib\libnx.a(console.o)
                              main.o (consoleInit)
C:\devkitPro/libnx/lib\libnx.a(console_sw.o)
                              C:\devkitPro/libnx/lib\libnx.a(console.o) (getDefaultConsoleRenderer)
C:\devkitPro/libnx/lib\libnx.a(svc.o)
                              C:\devkitPro/libnx/lib\libnx.a(applet.o) (svcExitProcess)
C:\devkitPro/libnx/lib\libnx.a(switch_crt0.o)
                              (_start)
C:\devkitPro/libnx/lib\libnx.a(default_font.bin.o)
                              C:\devkitPro/libnx/lib\libnx.a(console.o) (default_font_bin)
C:\devkitPro/libnx/lib\libnx.a(event.o)
                              C:\devkitPro/libnx/lib\libnx.a(applet.o) (eventLoadRemote)
C:\devkitPro/libnx/lib\libnx.a(mutex.o)
                              C:\devkitPro/libnx/lib\libnx.a(applet.o) (mutexLock)
C:\devkitPro/libnx/lib\libnx.a(shmem.o)
                              C:\devkitPro/libnx/lib\libnx.a(hid.o) (shmemLoadRemote)
C:\devkitPro/libnx/lib\libnx.a(tmem.o)
                              C:\devkitPro/libnx/lib\libnx.a(applet.o) (tmemCreate)
C:\devkitPro/libnx/lib\libnx.a(virtmem.o)
                              C:\devkitPro/libnx/lib\libnx.a(shmem.o) (virtmemLock)
C:\devkitPro/libnx/lib\libnx.a(wait.o)
                              C:\devkitPro/libnx/lib\libnx.a(applet.o) (waitObjects)
C:\devkitPro/libnx/lib\libnx.a(apm.o)
                              C:\devkitPro/libnx/lib\libnx.a(applet.o) (apmInitialize)
C:\devkitPro/libnx/lib\libnx.a(default_window.o)
                              C:\devkitPro/libnx/lib\libnx.a(console_sw.o) (nwindowGetDefault)
C:\devkitPro/libnx/lib\libnx.a(framebuffer.o)
                              C:\devkitPro/libnx/lib\libnx.a(console_sw.o) (framebufferMakeLinear)
C:\devkitPro/libnx/lib\libnx.a(native_window.o)
                              C:\devkitPro/libnx/lib\libnx.a(framebuffer.o) (nwindowIsValid)
C:\devkitPro/libnx/lib\libnx.a(argv.o)
                              C:\devkitPro/libnx/lib\libnx.a(switch_crt0.o) (__system_argc)
C:\devkitPro/libnx/lib\libnx.a(dynamic.o)
                              C:\devkitPro/libnx/lib\libnx.a(switch_crt0.o) (__nx_dynamic)
C:\devkitPro/libnx/lib\libnx.a(init.o)
                              C:\devkitPro/libnx/lib\libnx.a(switch_crt0.o) (__libnx_init)
C:\devkitPro/libnx/lib\libnx.a(newlib.o)
                              C:\devkitPro/libnx/lib\libnx.a(init.o) (__libnx_init_time)
C:\devkitPro/libnx/lib\libnx.a(nxlink.o)
                              C:\devkitPro/libnx/lib\libnx.a(argv.o) (nxlinkSetup)
C:\devkitPro/libnx/lib\libnx.a(fs_dev.o)
                              C:\devkitPro/libnx/lib\libnx.a(init.o) (fsdevMountSdmc)
C:\devkitPro/libnx/lib\libnx.a(path_buf.o)
                              C:\devkitPro/libnx/lib\libnx.a(fs_dev.o) (__nx_dev_path_buf)
C:\devkitPro/libnx/lib\libnx.a(decode_utf8.o)
                              C:\devkitPro/libnx/lib\libnx.a(fs_dev.o) (decode_utf8)
C:\devkitPro/libnx/lib\libnx.a(cache.o)
                              C:\devkitPro/libnx/lib\libnx.a(framebuffer.o) (armDCacheFlush)
C:\devkitPro/libnx/lib\libnx.a(exception.o)
                              C:\devkitPro/libnx/lib\libnx.a(switch_crt0.o) (__libnx_exception_entry)
C:\devkitPro/libnx/lib\libnx.a(readtp.o)
                              C:\devkitPro/libnx/lib\libnx.a(fs_dev.o) (__aarch64_read_tp)
C:\devkitPro/libnx/lib\libnx.a(condvar.o)
                              C:\devkitPro/libnx/lib\libnx.a(newlib.o) (condvarWaitTimeout)
C:\devkitPro/libnx/lib\libnx.a(random.o)
                              C:\devkitPro/libnx/lib\libnx.a(virtmem.o) (randomGet64)
C:\devkitPro/libnx/lib\libnx.a(thread.o)
                              C:\devkitPro/libnx/lib\libnx.a(init.o) (__libnx_init_thread)
C:\devkitPro/libnx/lib\libnx.a(fs.o)
[...]
Memory Configuration

Name             Origin             Length             Attributes
*default*        0x0000000000000000 0xffffffffffffffff

Linker script and memory map

                0x0000000000000000                PROVIDE (__start__ = 0x0)
                0x0000000000000000                . = __start__
                [!provide]                        PROVIDE (__code_start = .)

.text           0x0000000000000000    0x22c08
 *(.crt0)
 .crt0          0x0000000000000000      0x130 C:\devkitPro/libnx/lib\libnx.a(switch_crt0.o)
                0x0000000000000000                _start
                0x00000000000000e0                __nx_exit
                0x00000000000000f0                __nx_mod0
 *(.text.unlikely .text.*_unlikely .text.unlikely.*)
 *(.text.exit .text.exit.*)
 *fill*         0x0000000000000130       0x10 
 .text.exit     0x0000000000000140       0x34 C:/devkitPro/devkitA64/bin/../lib/gcc/aarch64-none-elf/15.2.0/../../../../aarch64-none-elf/lib/pic\libg.a(libc_a-exit.o)
                0x0000000000000140                exit
 *(.text.startup .text.startup.*)
 *fill*         0x0000000000000174        0xc 
 .text.startup.main
                0x0000000000000180      0xcc0 main.o
                0x0000000000000180                main
 *(.text.hot .text.hot.*)
 *(.text .stub .text.* .gnu.linkonce.t.*)
 .text.__do_global_dtors_aux
                0x0000000000000e40       0x50 C:/devkitPro/devkitA64/bin/../lib/gcc/aarch64-none-elf/15.2.0/pic/crtbegin.o
 *fill*         0x0000000000000e90       0x10 
 .text.frame_dummy
                0x0000000000000ea0       0x24 C:/devkitPro/devkitA64/bin/../lib/gcc/aarch64-none-elf/15.2.0/pic/crtbegin.o
 *fill*         0x0000000000000ec4        0xc 
 .text.clamp_params
                0x0000000000000ed0       0x90 main.o
 .text.print_param_line
                0x0000000000000f60      0x154 main.o
 *fill*         0x00000000000010b4        0xc 
 .text.send_vibration_checked.isra.0
                0x00000000000010c0       0x20 main.o
 .text.send_side_vibration.isra.0
                0x00000000000010e0      0x148 main.o
 *fill*         0x0000000000001228        0x8 
 .text._appletInfiniteSleepLoop
                0x0000000000001230       0x18 C:\devkitPro/libnx/lib\libnx.a(applet.o)
 *fill*         0x0000000000001248        0x8 
 .text._appletCmdGetSession
                0x0000000000001250      0x108 C:\devkitPro/libnx/lib\libnx.a(applet.o)
 *fill*         0x0000000000001358        0x8 
 .text._appletCmdInU8NoOut
                0x0000000000001360       0xcc C:\devkitPro/libnx/lib\libnx.a(applet.o)
 *fill*         0x000000000000142c        0x4 
 .text._appletCmdInU32NoOut
                0x0000000000001430       0xcc C:\devkitPro/libnx/lib\libnx.a(applet.o)
 *fill*         0x00000000000014fc        0x4 
 .text._appletGetSessionProxy.constprop.0
                0x0000000000001500      0x12c C:\devkitPro/libnx/lib\libnx.a(applet.o)
 *fill*         0x000000000000162c        0x4 
 .text._appletOpenLibraryAppletProxy.constprop.0
                0x0000000000001630      0x148 C:\devkitPro/libnx/lib\libnx.a(applet.o)
 *fill*         0x0000000000001778        0x8 
 .text._appletCmdGetEvent
                0x0000000000001780       0xf8 C:\devkitPro/libnx/lib\libnx.a(applet.o)
 *fill*         0x0000000000001878        0x8 
 .text._appletCmdNoInOutU8.isra.0
                0x0000000000001880       0xd4 C:\devkitPro/libnx/lib\libnx.a(applet.o)
 *fill*         0x0000000000001954        0xc 
 .text._appletCmdNoInOutU32.isra.0
                0x0000000000001960       0xd4 C:\devkitPro/libnx/lib\libnx.a(applet.o)
 *fill*         0x0000000000001a34        0xc 
 .text._appletCmdNoInOutU64.isra.0
                0x0000000000001a40       0xd4 C:\devkitPro/libnx/lib\libnx.a(applet.o)
 *fill*         0x0000000000001b14        0xc 
 .text._appletCmdNoIO.isra.0
                0x0000000000001b20       0xc0 C:\devkitPro/libnx/lib\libnx.a(applet.o)
 .text.appletGetAppletType
                0x0000000000001be0       0x10 C:\devkitPro/libnx/lib\libnx.a(applet.o)
                0x0000000000001be0                appletGetAppletType
 .text.appletSetFocusHandlingMode
                0x0000000000001bf0      0x1b8 C:\devkitPro/libnx/lib\libnx.a(applet.o)
                0x0000000000001bf0                appletSetFocusHandlingMode
 *fill*         0x0000000000001da8        0x8 
 .text.appletSetCpuBoostMode
                0x0000000000001db0       0x5c C:\devkitPro/libnx/lib\libnx.a(applet.o)
                0x0000000000001db0                appletSetCpuBoostMode
 *fill*         0x0000000000001e0c        0x4 
 .text.appletCreateManagedDisplayLayer
                0x0000000000001e10       0x2c C:\devkitPro/libnx/lib\libnx.a(applet.o)
                0x0000000000001e10                appletCreateManagedDisplayLayer
 *fill*         0x0000000000001e3c        0x4 
 .text.appletGetAppletResourceUserId
                0x0000000000001e40        0xc C:\devkitPro/libnx/lib\libnx.a(applet.o)
                0x0000000000001e40                appletGetAppletResourceUserId
 *fill*         0x0000000000001e4c        0x4 
 .text._appletHolderCreateState
                0x0000000000001e50      0x138 C:\devkitPro/libnx/lib\libnx.a(applet.o)
 *fill*         0x0000000000001f88        0x8 
 .text.appletHolderClose
                0x0000000000001f90       0xb0 C:\devkitPro/libnx/lib\libnx.a(applet.o)
                0x0000000000001f90                appletHolderClose
 .text.appletHolderGetLibraryAppletInfo
                0x0000000000002040       0x24 C:\devkitPro/libnx/lib\libnx.a(applet.o)
                0x0000000000002040                appletHolderGetLibraryAppletInfo
 *fill*         0x0000000000002064        0xc 
 .text.appletNotifyRunning
                0x0000000000002070       0x90 C:\devkitPro/libnx/lib\libnx.a(applet.o)
                0x0000000000002070                appletNotifyRunning
 .text.appletSetGamePlayRecordingState
                0x0000000000002100       0x78 C:\devkitPro/libnx/lib\libnx.a(applet.o)
                0x0000000000002100                appletSetGamePlayRecordingState
 *fill*         0x0000000000002178        0x8 
 .text._appletCleanup
                0x0000000000002180      0xad4 C:\devkitPro/libnx/lib\libnx.a(applet.o)
 *fill*         0x0000000000002c54        0xc 
 .text.appletExit
                0x0000000000002c60       0x48 C:\devkitPro/libnx/lib\libnx.a(applet.o)
                0x0000000000002c60                appletExit
 *fill*         0x0000000000002ca8        0x8 
 .text.appletGetLibraryAppletInfo
                0x0000000000002cb0       0x40 C:\devkitPro/libnx/lib\libnx.a(applet.o)
                0x0000000000002cb0                appletGetLibraryAppletInfo
 .text.appletInitialize
                0x0000000000002cf0      0xc14 C:\devkitPro/libnx/lib\libnx.a(applet.o)
                0x0000000000002cf0                appletInitialize
 *fill*         0x0000000000003904        0xc 
 .text._appletExitProcess
                0x0000000000003910       0x24 C:\devkitPro/libnx/lib\libnx.a(applet.o)
 *fill*         0x0000000000003934        0xc 
 .text.appletGetMessage
                0x0000000000003940       0x74 C:\devkitPro/libnx/lib\libnx.a(applet.o)
                0x0000000000003940                appletGetMessage
 *fill*         0x00000000000039b4        0xc 
 .text.appletProcessMessage
                0x00000000000039c0      0x264 C:\devkitPro/libnx/lib\libnx.a(applet.o)
                0x00000000000039c0                appletProcessMessage
 *fill*         0x0000000000003c24        0xc 
 .text.appletMainLoop
                0x0000000000003c30       0x34 C:\devkitPro/libnx/lib\libnx.a(applet.o)
                0x0000000000003c30                appletMainLoop
 *fill*         0x0000000000003c64        0xc 
 .text._hidCleanup
                0x0000000000003c70      0x12c C:\devkitPro/libnx/lib\libnx.a(hid.o)
 *fill*         0x0000000000003d9c        0x4 
 .text._hidCmdInAruidNoOut
                0x0000000000003da0       0xd4 C:\devkitPro/libnx/lib\libnx.a(hid.o)
 *fill*         0x0000000000003e74        0xc 
 .text._hidCmdInU32AruidNoOut
                0x0000000000003e80       0xe0 C:\devkitPro/libnx/lib\libnx.a(hid.o)
 .text._hidGetStates
                0x0000000000003f60      0x194 C:\devkitPro/libnx/lib\libnx.a(hid.o)
 *fill*         0x00000000000040f4        0xc 
 .text._hidCmdInU64NoOut.constprop.0
                0x0000000000004100       0xc0 C:\devkitPro/libnx/lib\libnx.a(hid.o)
 .text.hidInitialize
                0x00000000000041c0      0x26c C:\devkitPro/libnx/lib\libnx.a(hid.o)
                0x00000000000041c0                hidInitialize
 *fill*         0x000000000000442c        0x4 
 .text.hidExit  0x0000000000004430       0x48 C:\devkitPro/libnx/lib\libnx.a(hid.o)
                0x0000000000004430                hidExit
 *fill*         0x0000000000004478        0x8 
 .text.hidGetSharedmemAddr
                0x0000000000004480        0xc C:\devkitPro/libnx/lib\libnx.a(hid.o)
                0x0000000000004480                hidGetSharedmemAddr
 *fill*         0x000000000000448c        0x4 
 .text.hidGetNpadStyleSet
                0x0000000000004490       0x90 C:\devkitPro/libnx/lib\libnx.a(hid.o)
                0x0000000000004490                hidGetNpadStyleSet
 .text.hidInitializeNpad
                0x0000000000004520       0x84 C:\devkitPro/libnx/lib\libnx.a(hid.o)
                0x0000000000004520                hidInitializeNpad
 *fill*         0x00000000000045a4        0xc 
 .text.hidGetNpadStatesFullKey
                0x00000000000045b0       0xa4 C:\devkitPro/libnx/lib\libnx.a(hid.o)
                0x00000000000045b0                hidGetNpadStatesFullKey
 *fill*         0x0000000000004654        0xc 
 .text.hidGetNpadStatesHandheld
                0x0000000000004660       0xa4 C:\devkitPro/libnx/lib\libnx.a(hid.o)
                0x0000000000004660                hidGetNpadStatesHandheld
 *fill*         0x0000000000004704        0xc 
 .text.hidGetNpadStatesJoyDual
                0x0000000000004710       0xa4 C:\devkitPro/libnx/lib\libnx.a(hid.o)
                0x0000000000004710                hidGetNpadStatesJoyDual
 *fill*         0x00000000000047b4        0xc 
 .text.hidGetNpadStatesJoyLeft
                0x00000000000047c0       0xa4 C:\devkitPro/libnx/lib\libnx.a(hid.o)
                0x00000000000047c0                hidGetNpadStatesJoyLeft
 *fill*         0x0000000000004864        0xc 
 .text.hidGetNpadStatesJoyRight
                0x0000000000004870       0xa4 C:\devkitPro/libnx/lib\libnx.a(hid.o)
                0x0000000000004870                hidGetNpadStatesJoyRight
 *fill*         0x0000000000004914        0xc 
 .text.hidGetNpadStatesGc
                0x0000000000004920      0x144 C:\devkitPro/libnx/lib\libnx.a(hid.o)
                0x0000000000004920                hidGetNpadStatesGc
 *fill*         0x0000000000004a64        0xc 
 .text.hidGetNpadStatesSystemExt
                0x0000000000004a70       0xa8 C:\devkitPro/libnx/lib\libnx.a(hid.o)
                0x0000000000004a70                hidGetNpadStatesSystemExt
 *fill*         0x0000000000004b18        0x8 
 .text.hidSetSupportedNpadStyleSet
                0x0000000000004b20        0x8 C:\devkitPro/libnx/lib\libnx.a(hid.o)
                0x0000000000004b20                hidSetSupportedNpadStyleSet
 *fill*         0x0000000000004b28        0x8 
 .text.hidSetSupportedNpadIdType
                0x0000000000004b30      0x100 C:\devkitPro/libnx/lib\libnx.a(hid.o)
                0x0000000000004b30                hidSetSupportedNpadIdType
 .text.hidInitializeVibrationDevices
                0x0000000000004c30      0x40c C:\devkitPro/libnx/lib\libnx.a(hid.o)
                0x0000000000004c30                hidInitializeVibrationDevices
 *fill*         0x000000000000503c        0x4 
 .text.hidSendVibrationValue
                0x0000000000005040       0xec C:\devkitPro/libnx/lib\libnx.a(hid.o)
                0x0000000000005040                hidSendVibrationValue
 *fill*         0x000000000000512c        0x4 
 .text.hidBeginPermitVibrationSession
                0x0000000000005130       0x34 C:\devkitPro/libnx/lib\libnx.a(hid.o)
                0x0000000000005130                hidBeginPermitVibrationSession
 *fill*         0x0000000000005164        0xc 
 .text.hidEndPermitVibrationSession
                0x0000000000005170       0xd4 C:\devkitPro/libnx/lib\libnx.a(hid.o)
                0x0000000000005170                hidEndPermitVibrationSession
 *fill*         0x0000000000005244        0xc 
 .text._hiddbgCleanup
                0x0000000000005250       0x78 C:\devkitPro/libnx/lib\libnx.a(hiddbg.o)
 *fill*         0x00000000000052c8        0x8 
 .text.hiddbgInitialize
                0x00000000000052d0       0xa0 C:\devkitPro/libnx/lib\libnx.a(hiddbg.o)
                0x00000000000052d0                hiddbgInitialize
 .text.hiddbgExit
                0x0000000000005370       0x48 C:\devkitPro/libnx/lib\libnx.a(hiddbg.o)
                0x0000000000005370                hiddbgExit
 *fill*         0x00000000000053b8        0x8 
 .text._smCmifCmdInPid
                0x00000000000053c0       0xcc C:\devkitPro/libnx/lib\libnx.a(sm.o)
 *fill*         0x000000000000548c        0x4 
 .text._smCleanup
                0x0000000000005490       0x78 C:\devkitPro/libnx/lib\libnx.a(sm.o)
 *fill*         0x0000000000005508        0x8 
 .text.smAddOverrideHandle
                0x0000000000005510       0x48 C:\devkitPro/libnx/lib\libnx.a(sm.o)
                0x0000000000005510                smAddOverrideHandle
 *fill*         0x0000000000005558        0x8 
 .text.smGetServiceOverride
                0x0000000000005560       0x54 C:\devkitPro/libnx/lib\libnx.a(sm.o)
                0x0000000000005560                smGetServiceOverride
 *fill*         0x00000000000055b4        0xc 
 .text.smInitialize
                0x00000000000055c0      0x1ac C:\devkitPro/libnx/lib\libnx.a(sm.o)
                0x00000000000055c0                smInitialize
 *fill*         0x000000000000576c        0x4 
 .text.smExit   0x0000000000005770       0x48 C:\devkitPro/libnx/lib\libnx.a(sm.o)
                0x0000000000005770                smExit
 *fill*         0x00000000000057b8        0x8 
 .text.smGetServiceOriginal
                0x00000000000057c0       0xd0 C:\devkitPro/libnx/lib\libnx.a(sm.o)
                0x00000000000057c0                smGetServiceOriginal
 .text.smGetServiceWrapper
                0x0000000000005890      0x120 C:\devkitPro/libnx/lib\libnx.a(sm.o)
                0x0000000000005890                smGetServiceWrapper
 .text.__libnx_alloc
                0x00000000000059b0        0x4 C:\devkitPro/libnx/lib\libnx.a(alloc.o)
                0x00000000000059b0                __libnx_alloc
 *fill*         0x00000000000059b4        0xc 
 .text.__libnx_aligned_alloc
                0x00000000000059c0       0x14 C:\devkitPro/libnx/lib\libnx.a(alloc.o)
                0x00000000000059c0                __libnx_aligned_alloc
 *fill*         0x00000000000059d4        0xc 
 .text.__libnx_free
                0x00000000000059e0        0x4 C:\devkitPro/libnx/lib\libnx.a(alloc.o)
                0x00000000000059e0                __libnx_free
 *fill*         0x00000000000059e4        0xc 
 .text.diagAbortWithResult
                0x00000000000059f0       0x1c C:\devkitPro/libnx/lib\libnx.a(diag.o)
                0x00000000000059f0                diagAbortWithResult
 *fill*         0x0000000000005a0c        0x4 
 .text.envSetup
                0x0000000000005a10      0x208 C:\devkitPro/libnx/lib\libnx.a(env.o)
                0x0000000000005a10                envSetup
 *fill*         0x0000000000005c18        0x8 
 .text.envGetMainThreadHandle
                0x0000000000005c20       0x20 C:\devkitPro/libnx/lib\libnx.a(env.o)
                0x0000000000005c20                envGetMainThreadHandle
 .text.envIsNso
                0x0000000000005c40        0xc C:\devkitPro/libnx/lib\libnx.a(env.o)
                0x0000000000005c40                envIsNso
 *fill*         0x0000000000005c4c        0x4 
 .text.envHasHeapOverride
                0x0000000000005c50       0x14 C:\devkitPro/libnx/lib\libnx.a(env.o)
                0x0000000000005c50                envHasHeapOverride
 *fill*         0x0000000000005c64        0xc 
 .text.envGetHeapOverrideAddr
                0x0000000000005c70        0xc C:\devkitPro/libnx/lib\libnx.a(env.o)
                0x0000000000005c70                envGetHeapOverrideAddr
 *fill*         0x0000000000005c7c        0x4 
 .text.envGetHeapOverrideSize
                0x0000000000005c80        0xc C:\devkitPro/libnx/lib\libnx.a(env.o)
                0x0000000000005c80                envGetHeapOverrideSize
 *fill*         0x0000000000005c8c        0x4 
 .text.envHasArgv
                0x0000000000005c90       0x14 C:\devkitPro/libnx/lib\libnx.a(env.o)
                0x0000000000005c90                envHasArgv
 *fill*         0x0000000000005ca4        0xc 
 .text.envGetArgv
                0x0000000000005cb0        0xc C:\devkitPro/libnx/lib\libnx.a(env.o)
                0x0000000000005cb0                envGetArgv
 *fill*         0x0000000000005cbc        0x4 
 .text.envGetExitFuncPtr
                0x0000000000005cc0        0xc C:\devkitPro/libnx/lib\libnx.a(env.o)
                0x0000000000005cc0                envGetExitFuncPtr
 *fill*         0x0000000000005ccc        0x4 
 .text.envSetExitFuncPtr
                0x0000000000005cd0        0xc C:\devkitPro/libnx/lib\libnx.a(env.o)
                0x0000000000005cd0                envSetExitFuncPtr
 *fill*         0x0000000000005cdc        0x4 
 .text.envHasRandomSeed
                0x0000000000005ce0        0xc C:\devkitPro/libnx/lib\libnx.a(env.o)
                0x0000000000005ce0                envHasRandomSeed
 *fill*         0x0000000000005cec        0x4 
 .text.envGetRandomSeed
                0x0000000000005cf0       0x10 C:\devkitPro/libnx/lib\libnx.a(env.o)
                0x0000000000005cf0                envGetRandomSeed
 .text.hosversionGet
                0x0000000000005d00       0x14 C:\devkitPro/libnx/lib\libnx.a(hosversion.o)
                0x0000000000005d00                hosversionGet
 *fill*         0x0000000000005d14        0xc 
 .text.hosversionSet
                0x0000000000005d20       0x10 C:\devkitPro/libnx/lib\libnx.a(hosversion.o)
                0x0000000000005d20                hosversionSet
 .text.padConfigureInput
                0x0000000000005d30       0x9c C:\devkitPro/libnx/lib\libnx.a(pad.o)
                0x0000000000005d30                padConfigureInput
 *fill*         0x0000000000005dcc        0x4 
 .text.padInitializeWithMask
                0x0000000000005dd0       0x24 C:\devkitPro/libnx/lib\libnx.a(pad.o)
                0x0000000000005dd0                padInitializeWithMask
 *fill*         0x0000000000005df4        0xc 
 .text.padUpdate
                0x0000000000005e00      0x29c C:\devkitPro/libnx/lib\libnx.a(pad.o)
                0x0000000000005e00                padUpdate
 *fill*         0x000000000000609c        0x4 
 .text.consoleDrawChar
                0x00000000000060a0       0x50 C:\devkitPro/libnx/lib\libnx.a(console.o)
 .text.consoleNewRow
                0x00000000000060f0       0xb8 C:\devkitPro/libnx/lib\libnx.a(console.o)
 *fill*         0x00000000000061a8        0x8 
 .text.consolePrintChar.part.0
                0x00000000000061b0      0x194 C:\devkitPro/libnx/lib\libnx.a(console.o)
 *fill*         0x0000000000006344        0xc 
 .text.con_write
                0x0000000000006350      0xdf8 C:\devkitPro/libnx/lib\libnx.a(console.o)
 *fill*         0x0000000000007148        0x8 
 .text.consoleInit
                0x0000000000007150      0x160 C:\devkitPro/libnx/lib\libnx.a(console.o)
                0x0000000000007150                consoleInit
 .text.consoleExit
                0x00000000000072b0       0x44 C:\devkitPro/libnx/lib\libnx.a(console.o)
                0x00000000000072b0                consoleExit
 *fill*         0x00000000000072f4        0xc 
 .text.consoleUpdate
                0x0000000000007300       0x2c C:\devkitPro/libnx/lib\libnx.a(console.o)
                0x0000000000007300                consoleUpdate
 *fill*         0x000000000000732c        0x4 
 .text.consoleClear
                0x0000000000007330       0x98 C:\devkitPro/libnx/lib\libnx.a(console.o)
                0x0000000000007330                consoleClear
 *fill*         0x00000000000073c8        0x8 
 .text.consoleSetWindow
                0x00000000000073d0       0x58 C:\devkitPro/libnx/lib\libnx.a(console.o)
                0x00000000000073d0                consoleSetWindow
 *fill*         0x0000000000007428        0x8 
 .text.ConsoleSwRenderer_drawChar
                0x0000000000007430      0x1bc C:\devkitPro/libnx/lib\libnx.a(console_sw.o)
 *fill*         0x00000000000075ec        0x4 
 .text.ConsoleSwRenderer_init
                0x00000000000075f0       0xe8 C:\devkitPro/libnx/lib\libnx.a(console_sw.o)
 *fill*         0x00000000000076d8        0x8 
 .text.ConsoleSwRenderer_flushAndSwap
                0x00000000000076e0       0x78 C:\devkitPro/libnx/lib\libnx.a(console_sw.o)
 *fill*         0x0000000000007758        0x8 
 .text.ConsoleSwRenderer_scrollWindow
                0x0000000000007760       0xdc C:\devkitPro/libnx/lib\libnx.a(console_sw.o)
 *fill*         0x000000000000783c        0x4 
 .text.ConsoleSwRenderer_deinit
                0x0000000000007840       0x50 C:\devkitPro/libnx/lib\libnx.a(console_sw.o)
 .text.getDefaultConsoleRenderer
                0x0000000000007890        0xc C:\devkitPro/libnx/lib\libnx.a(console_sw.o)
                0x0000000000007890                getDefaultConsoleRenderer
 .text.svcSetHeapSize
                0x000000000000789c       0x14 C:\devkitPro/libnx/lib\libnx.a(svc.o)
                0x000000000000789c                svcSetHeapSize
 .text.svcSetMemoryPermission
                0x00000000000078b0        0x8 C:\devkitPro/libnx/lib\libnx.a(svc.o)
                0x00000000000078b0                svcSetMemoryPermission
 .text.svcSetMemoryAttribute
                0x00000000000078b8        0x8 C:\devkitPro/libnx/lib\libnx.a(svc.o)
                0x00000000000078b8                svcSetMemoryAttribute
 .text.svcUnmapMemory
                0x00000000000078c0        0x8 C:\devkitPro/libnx/lib\libnx.a(svc.o)
                0x00000000000078c0                svcUnmapMemory
 .text.svcQueryMemory
                0x00000000000078c8       0x14 C:\devkitPro/libnx/lib\libnx.a(svc.o)
                0x00000000000078c8                svcQueryMemory
 .text.svcExitProcess
                0x00000000000078dc        0x8 C:\devkitPro/libnx/lib\libnx.a(svc.o)
                0x00000000000078dc                svcExitProcess
 .text.svcSleepThread
                0x00000000000078e4        0x8 C:\devkitPro/libnx/lib\libnx.a(svc.o)
                0x00000000000078e4                svcSleepThread
 .text.svcMapSharedMemory
                0x00000000000078ec        0x8 C:\devkitPro/libnx/lib\libnx.a(svc.o)
                0x00000000000078ec                svcMapSharedMemory
 .text.svcUnmapSharedMemory
                0x00000000000078f4        0x8 C:\devkitPro/libnx/lib\libnx.a(svc.o)
                0x00000000000078f4                svcUnmapSharedMemory
 .text.svcCreateTransferMemory
                0x00000000000078fc       0x14 C:\devkitPro/libnx/lib\libnx.a(svc.o)
                0x00000000000078fc                svcCreateTransferMemory
 .text.svcCloseHandle
                0x0000000000007910        0x8 C:\devkitPro/libnx/lib\libnx.a(svc.o)
                0x0000000000007910                svcCloseHandle
 .text.svcResetSignal
                0x0000000000007918        0x8 C:\devkitPro/libnx/lib\libnx.a(svc.o)
                0x0000000000007918                svcResetSignal
 .text.svcWaitSynchronization
                0x0000000000007920       0x14 C:\devkitPro/libnx/lib\libnx.a(svc.o)
                0x0000000000007920                svcWaitSynchronization
 .text.svcArbitrateLock
                0x0000000000007934        0x8 C:\devkitPro/libnx/lib\libnx.a(svc.o)
                0x0000000000007934                svcArbitrateLock
 .text.svcArbitrateUnlock
                0x000000000000793c        0x8 C:\devkitPro/libnx/lib\libnx.a(svc.o)
                0x000000000000793c                svcArbitrateUnlock
 .text.svcWaitProcessWideKeyAtomic
                0x0000000000007944        0x8 C:\devkitPro/libnx/lib\libnx.a(svc.o)
                0x0000000000007944                svcWaitProcessWideKeyAtomic
 .text.svcSignalProcessWideKey
                0x000000000000794c        0x8 C:\devkitPro/libnx/lib\libnx.a(svc.o)
                0x000000000000794c                svcSignalProcessWideKey
 .text.svcConnectToNamedPort
                0x0000000000007954       0x14 C:\devkitPro/libnx/lib\libnx.a(svc.o)
                0x0000000000007954                svcConnectToNamedPort
 .text.svcSendSyncRequest
                0x0000000000007968        0x8 C:\devkitPro/libnx/lib\libnx.a(svc.o)
                0x0000000000007968                svcSendSyncRequest
 .text.svcBreak
                0x0000000000007970        0x8 C:\devkitPro/libnx/lib\libnx.a(svc.o)
                0x0000000000007970                svcBreak
 .text.svcReturnFromException
                0x0000000000007978        0x8 C:\devkitPro/libnx/lib\libnx.a(svc.o)
                0x0000000000007978                svcReturnFromException
 .text.svcGetInfo
                0x0000000000007980       0x14 C:\devkitPro/libnx/lib\libnx.a(svc.o)
                0x0000000000007980                svcGetInfo
 .text.svcUnmapTransferMemory
                0x0000000000007994        0x8 C:\devkitPro/libnx/lib\libnx.a(svc.o)
                0x0000000000007994                svcUnmapTransferMemory
 *fill*         0x000000000000799c        0x4 
 .text.eventLoadRemote
                0x00000000000079a0        0xc C:\devkitPro/libnx/lib\libnx.a(event.o)
                0x00000000000079a0                eventLoadRemote
 *fill*         0x00000000000079ac        0x4 
 .text.eventWait
                0x00000000000079b0       0x34 C:\devkitPro/libnx/lib\libnx.a(event.o)
                0x00000000000079b0                eventWait
 *fill*         0x00000000000079e4        0xc 
 .text.eventClose
                0x00000000000079f0       0x54 C:\devkitPro/libnx/lib\libnx.a(event.o)
                0x00000000000079f0                eventClose
 *fill*         0x0000000000007a44        0xc 
 .text.mutexLock
                0x0000000000007a50       0xc8 C:\devkitPro/libnx/lib\libnx.a(mutex.o)
                0x0000000000007a50                mutexLock
 *fill*         0x0000000000007b18        0x8 
 .text.mutexUnlock
                0x0000000000007b20       0x68 C:\devkitPro/libnx/lib\libnx.a(mutex.o)
                0x0000000000007b20                mutexUnlock
 *fill*         0x0000000000007b88        0x8 
 .text.mutexIsLockedByCurrentThread
                0x0000000000007b90       0x1c C:\devkitPro/libnx/lib\libnx.a(mutex.o)
                0x0000000000007b90                mutexIsLockedByCurrentThread
 *fill*         0x0000000000007bac        0x4 
 .text.rmutexLock
                0x0000000000007bb0       0x50 C:\devkitPro/libnx/lib\libnx.a(mutex.o)
                0x0000000000007bb0                rmutexLock
 .text.rmutexUnlock
                0x0000000000007c00       0x18 C:\devkitPro/libnx/lib\libnx.a(mutex.o)
                0x0000000000007c00                rmutexUnlock
 *fill*         0x0000000000007c18        0x8 
 .text.shmemLoadRemote
                0x0000000000007c20       0x14 C:\devkitPro/libnx/lib\libnx.a(shmem.o)
                0x0000000000007c20                shmemLoadRemote
 *fill*         0x0000000000007c34        0xc 
 .text.shmemMap
                0x0000000000007c40       0x70 C:\devkitPro/libnx/lib\libnx.a(shmem.o)
                0x0000000000007c40                shmemMap
 .text.shmemUnmap
                0x0000000000007cb0       0x34 C:\devkitPro/libnx/lib\libnx.a(shmem.o)
                0x0000000000007cb0                shmemUnmap
 *fill*         0x0000000000007ce4        0xc 
 .text.shmemClose
                0x0000000000007cf0       0x4c C:\devkitPro/libnx/lib\libnx.a(shmem.o)
                0x0000000000007cf0                shmemClose
 *fill*         0x0000000000007d3c        0x4 
 .text.tmemCreate
                0x0000000000007d40       0xa8 C:\devkitPro/libnx/lib\libnx.a(tmem.o)
                0x0000000000007d40                tmemCreate
 *fill*         0x0000000000007de8        0x8 
 .text.tmemUnmap
                0x0000000000007df0       0x34 C:\devkitPro/libnx/lib\libnx.a(tmem.o)
                0x0000000000007df0                tmemUnmap
 *fill*         0x0000000000007e24        0xc 
 .text.tmemCloseHandle
                0x0000000000007e30       0x30 C:\devkitPro/libnx/lib\libnx.a(tmem.o)
                0x0000000000007e30                tmemCloseHandle
 .text.tmemWaitForPermission
                0x0000000000007e60       0x9c C:\devkitPro/libnx/lib\libnx.a(tmem.o)
                0x0000000000007e60                tmemWaitForPermission
 *fill*         0x0000000000007efc        0x4 
 .text.tmemClose
                0x0000000000007f00       0x50 C:\devkitPro/libnx/lib\libnx.a(tmem.o)
                0x0000000000007f00                tmemClose
 .text._memregionInitWithInfo
                0x0000000000007f50       0x64 C:\devkitPro/libnx/lib\libnx.a(virtmem.o)
 *fill*         0x0000000000007fb4        0xc 
 .text.__libnx_virtmem_rng
                0x0000000000007fc0        0x4 C:\devkitPro/libnx/lib\libnx.a(virtmem.o)
                0x0000000000007fc0                __libnx_virtmem_rng
 *fill*         0x0000000000007fc4        0xc 
 .text._memregionFindRandom
                0x0000000000007fd0      0x164 C:\devkitPro/libnx/lib\libnx.a(virtmem.o)
 *fill*         0x0000000000008134        0xc 
 .text.virtmemSetup
                0x0000000000008140      0x140 C:\devkitPro/libnx/lib\libnx.a(virtmem.o)
                0x0000000000008140                virtmemSetup
 .text.virtmemLock
                0x0000000000008280        0xc C:\devkitPro/libnx/lib\libnx.a(virtmem.o)
                0x0000000000008280                virtmemLock
 *fill*         0x000000000000828c        0x4 
 .text.virtmemUnlock
                0x0000000000008290        0xc C:\devkitPro/libnx/lib\libnx.a(virtmem.o)
                0x0000000000008290                virtmemUnlock
 *fill*         0x000000000000829c        0x4 
 .text.virtmemFindAslr
                0x00000000000082a0       0x50 C:\devkitPro/libnx/lib\libnx.a(virtmem.o)
                0x00000000000082a0                virtmemFindAslr
 .text.waitObjects
                0x00000000000082f0      0x57c C:\devkitPro/libnx/lib\libnx.a(wait.o)
                0x00000000000082f0                waitObjects
 *fill*         0x000000000000886c        0x4 
 .text._apmCleanup
                0x0000000000008870       0xd4 C:\devkitPro/libnx/lib\libnx.a(apm.o)
 *fill*         0x0000000000008944        0xc 
 .text.apmInitialize
                0x0000000000008950      0x194 C:\devkitPro/libnx/lib\libnx.a(apm.o)
                0x0000000000008950                apmInitialize
 *fill*         0x0000000000008ae4        0xc 
 .text.apmExit  0x0000000000008af0       0x48 C:\devkitPro/libnx/lib\libnx.a(apm.o)
                0x0000000000008af0                apmExit
 *fill*         0x0000000000008b38        0x8 
 .text.apmSetPerformanceConfiguration
                0x0000000000008b40       0xc8 C:\devkitPro/libnx/lib\libnx.a(apm.o)
                0x0000000000008b40                apmSetPerformanceConfiguration
 *fill*         0x0000000000008c08        0x8 
 .text.nwindowGetDefault
                0x0000000000008c10        0xc C:\devkitPro/libnx/lib\libnx.a(default_window.o)
                0x0000000000008c10                nwindowGetDefault
 *fill*         0x0000000000008c1c        0x4 
 .text.__nx_win_init
                0x0000000000008c20       0xa4 C:\devkitPro/libnx/lib\libnx.a(default_window.o)
                0x0000000000008c20                __nx_win_init
 *fill*         0x0000000000008cc4        0xc 
 .text.__nx_win_exit
                0x0000000000008cd0       0x34 C:\devkitPro/libnx/lib\libnx.a(default_window.o)
                0x0000000000008cd0                __nx_win_exit
 *fill*         0x0000000000008d04        0xc 
 .text.framebufferMakeLinear
                0x0000000000008d10       0x8c C:\devkitPro/libnx/lib\libnx.a(framebuffer.o)
                0x0000000000008d10                framebufferMakeLinear
 *fill*         0x0000000000008d9c        0x4 
 .text.framebufferClose
                0x0000000000008da0       0x84 C:\devkitPro/libnx/lib\libnx.a(framebuffer.o)
                0x0000000000008da0                framebufferClose
 *fill*         0x0000000000008e24        0xc 
 .text.framebufferCreate
                0x0000000000008e30      0x290 C:\devkitPro/libnx/lib\libnx.a(framebuffer.o)
                0x0000000000008e30                framebufferCreate
 .text.framebufferBegin
                0x00000000000090c0       0x7c C:\devkitPro/libnx/lib\libnx.a(framebuffer.o)
                0x00000000000090c0                framebufferBegin
 *fill*         0x000000000000913c        0x4 
 .text.framebufferEnd
                0x0000000000009140      0x198 C:\devkitPro/libnx/lib\libnx.a(framebuffer.o)
                0x0000000000009140                framebufferEnd
 *fill*         0x00000000000092d8        0x8 
 .text.nwindowIsValid
                0x00000000000092e0       0x24 C:\devkitPro/libnx/lib\libnx.a(native_window.o)
                0x00000000000092e0                nwindowIsValid
 *fill*         0x0000000000009304        0xc 
 .text.nwindowClose
                0x0000000000009310       0x7c C:\devkitPro/libnx/lib\libnx.a(native_window.o)
                0x0000000000009310                nwindowClose
 *fill*         0x000000000000938c        0x4 
 .text.nwindowCreate
                0x0000000000009390       0xf8 C:\devkitPro/libnx/lib\libnx.a(native_window.o)
                0x0000000000009390                nwindowCreate
 *fill*         0x0000000000009488        0x8 
 .text.nwindowCreateFromLayer
                0x0000000000009490       0x38 C:\devkitPro/libnx/lib\libnx.a(native_window.o)
                0x0000000000009490                nwindowCreateFromLayer
 *fill*         0x00000000000094c8        0x8 
 .text.nwindowSetDimensions
                0x00000000000094d0       0x84 C:\devkitPro/libnx/lib\libnx.a(native_window.o)
                0x00000000000094d0                nwindowSetDimensions
 *fill*         0x0000000000009554        0xc 
 .text.nwindowConfigureBuffer
                0x0000000000009560      0x180 C:\devkitPro/libnx/lib\libnx.a(native_window.o)
                0x0000000000009560                nwindowConfigureBuffer
 .text.nwindowDequeueBuffer
                0x00000000000096e0      0x1cc C:\devkitPro/libnx/lib\libnx.a(native_window.o)
                0x00000000000096e0                nwindowDequeueBuffer
 *fill*         0x00000000000098ac        0x4 
 .text.nwindowQueueBuffer
                0x00000000000098b0      0x12c C:\devkitPro/libnx/lib\libnx.a(native_window.o)
                0x00000000000098b0                nwindowQueueBuffer
 *fill*         0x00000000000099dc        0x4 
 .text.nwindowReleaseBuffers
                0x00000000000099e0       0xbc C:\devkitPro/libnx/lib\libnx.a(native_window.o)
                0x00000000000099e0                nwindowReleaseBuffers
 *fill*         0x0000000000009a9c        0x4 
 .text.argvSetup
                0x0000000000009aa0      0x314 C:\devkitPro/libnx/lib\libnx.a(argv.o)
                0x0000000000009aa0                argvSetup
 *fill*         0x0000000000009db4        0xc 
 .text.__nx_dynamic
                0x0000000000009dc0      0x1fc C:\devkitPro/libnx/lib\libnx.a(dynamic.o)
                0x0000000000009dc0                __nx_dynamic
 *fill*         0x0000000000009fbc        0x4 
 .text.__libnx_initheap
                0x0000000000009fc0       0xd0 C:\devkitPro/libnx/lib\libnx.a(init.o)
                0x0000000000009fc0                __libnx_initheap
 .text.__appInit
                0x000000000000a090       0xec C:\devkitPro/libnx/lib\libnx.a(init.o)
                0x000000000000a090                __appInit
 *fill*         0x000000000000a17c        0x4 
 .text.__appExit
                0x000000000000a180       0x44 C:\devkitPro/libnx/lib\libnx.a(init.o)
                0x000000000000a180                __appExit
 *fill*         0x000000000000a1c4        0xc 
 .text.__libnx_init
                0x000000000000a1d0       0x2c C:\devkitPro/libnx/lib\libnx.a(init.o)
                0x000000000000a1d0                __libnx_init
 *fill*         0x000000000000a1fc        0x4 
 .text.__libnx_exit
                0x000000000000a200       0x1c C:\devkitPro/libnx/lib\libnx.a(init.o)
                0x000000000000a200                __libnx_exit
 *fill*         0x000000000000a21c        0x4 
 .text.__syscall_exit
                0x000000000000a220       0x1c C:\devkitPro/libnx/lib\libnx.a(newlib.o)
                0x000000000000a220                __syscall_exit
 *fill*         0x000000000000a23c        0x4 
 .text.__syscall_getreent
                0x000000000000a240       0x34 C:\devkitPro/libnx/lib\libnx.a(newlib.o)
                0x000000000000a240                __syscall_getreent
 *fill*         0x000000000000a274        0xc 
 .text.__syscall_lock_acquire
                0x000000000000a280        0x4 C:\devkitPro/libnx/lib\libnx.a(newlib.o)
                0x000000000000a280                __syscall_lock_acquire
 *fill*         0x000000000000a284        0xc 
 .text.__syscall_lock_release
                0x000000000000a290        0x4 C:\devkitPro/libnx/lib\libnx.a(newlib.o)
                0x000000000000a290                __syscall_lock_release
 *fill*         0x000000000000a294        0xc 
 .text.__syscall_lock_acquire_recursive
                0x000000000000a2a0        0x4 C:\devkitPro/libnx/lib\libnx.a(newlib.o)
                0x000000000000a2a0                __syscall_lock_acquire_recursive
 *fill*         0x000000000000a2a4        0xc 
 .text.__syscall_lock_release_recursive
                0x000000000000a2b0        0x4 C:\devkitPro/libnx/lib\libnx.a(newlib.o)
                0x000000000000a2b0                __syscall_lock_release_recursive
 *fill*         0x000000000000a2b4        0xc 
 .text.__libnx_init_time
                0x000000000000a2c0      0x25c C:\devkitPro/libnx/lib\libnx.a(newlib.o)
                0x000000000000a2c0                __libnx_init_time
 *fill*         0x000000000000a51c        0x4 
 .text.newlibSetup
                0x000000000000a520       0x98 C:\devkitPro/libnx/lib\libnx.a(newlib.o)
                0x000000000000a520                newlibSetup
 *fill*         0x000000000000a5b8        0x8 
 .text.nxlinkSetup
                0x000000000000a5c0       0xe8 C:\devkitPro/libnx/lib\libnx.a(nxlink.o)
                0x000000000000a5c0                nxlinkSetup
 *fill*         0x000000000000a6a8        0x8 
 .text.fsdev_link
                0x000000000000a6b0       0x10 C:\devkitPro/libnx/lib\libnx.a(fs_dev.o)
 .text.fsdev_dirreset
                0x000000000000a6c0       0x10 C:\devkitPro/libnx/lib\libnx.a(fs_dev.o)
 .text.fsdev_chmod
                0x000000000000a6d0       0x10 C:\devkitPro/libnx/lib\libnx.a(fs_dev.o)
 .text.error_cmp
                0x000000000000a6e0       0x18 C:\devkitPro/libnx/lib\libnx.a(fs_dev.o)
 *fill*         0x000000000000a6f8        0x8 
 .text.fsdev_dirclose
                0x000000000000a700       0x20 C:\devkitPro/libnx/lib\libnx.a(fs_dev.o)
 .text.fsdev_close
                0x000000000000a720       0x1c C:\devkitPro/libnx/lib\libnx.a(fs_dev.o)
 *fill*         0x000000000000a73c        0x4 
 .text.fsdev_converttimetoutc
                0x000000000000a740       0x74 C:\devkitPro/libnx/lib\libnx.a(fs_dev.o)
 *fill*         0x000000000000a7b4        0xc 
 .text.fsdevFindDevice.part.0
                0x000000000000a7c0       0xf8 C:\devkitPro/libnx/lib\libnx.a(fs_dev.o)
 *fill*         0x000000000000a8b8        0x8 
 .text.fsdev_fixpath
                0x000000000000a8c0      0x1cc C:\devkitPro/libnx/lib\libnx.a(fs_dev.o)
 *fill*         0x000000000000aa8c        0x4 
 .text._fsdevUnmountDeviceStruct.part.0
                0x000000000000aa90       0x9c C:\devkitPro/libnx/lib\libnx.a(fs_dev.o)
 *fill*         0x000000000000ab2c        0x4 
 .text.fsdev_fchmod
                0x000000000000ab30       0x10 C:\devkitPro/libnx/lib\libnx.a(fs_dev.o)
 .text.fsdev_diropen
                0x000000000000ab40      0x100 C:\devkitPro/libnx/lib\libnx.a(fs_dev.o)
 .text.fsdev_statvfs
                0x000000000000ac40       0xf8 C:\devkitPro/libnx/lib\libnx.a(fs_dev.o)
 *fill*         0x000000000000ad38        0x8 
 .text.fsdev_fsync
                0x000000000000ad40       0x7c C:\devkitPro/libnx/lib\libnx.a(fs_dev.o)
 *fill*         0x000000000000adbc        0x4 
 .text.fsdev_fstat
                0x000000000000adc0       0xec C:\devkitPro/libnx/lib\libnx.a(fs_dev.o)
 *fill*         0x000000000000aeac        0x4 
 .text.fsdev_ftruncate
                0x000000000000aeb0       0x94 C:\devkitPro/libnx/lib\libnx.a(fs_dev.o)
 *fill*         0x000000000000af44        0xc 
 .text.fsdev_stat
                0x000000000000af50      0x1d8 C:\devkitPro/libnx/lib\libnx.a(fs_dev.o)
 *fill*         0x000000000000b128        0x8 
 .text.fsdev_rename
                0x000000000000b130      0x14c C:\devkitPro/libnx/lib\libnx.a(fs_dev.o)
 *fill*         0x000000000000b27c        0x4 
 .text.fsdev_chdir
                0x000000000000b280      0x13c C:\devkitPro/libnx/lib\libnx.a(fs_dev.o)
 *fill*         0x000000000000b3bc        0x4 
 .text.fsdev_rmdir
                0x000000000000b3c0       0xa4 C:\devkitPro/libnx/lib\libnx.a(fs_dev.o)
 *fill*         0x000000000000b464        0xc 
 .text.fsdev_mkdir
                0x000000000000b470       0xa4 C:\devkitPro/libnx/lib\libnx.a(fs_dev.o)
 *fill*         0x000000000000b514        0xc 
 .text.fsdev_unlink
                0x000000000000b520       0xa4 C:\devkitPro/libnx/lib\libnx.a(fs_dev.o)
 *fill*         0x000000000000b5c4        0xc 
 .text.fsdev_write_safe
                0x000000000000b5d0      0x13c C:\devkitPro/libnx/lib\libnx.a(fs_dev.o)
 *fill*         0x000000000000b70c        0x4 
 .text.fsdev_read_safe
                0x000000000000b710      0x134 C:\devkitPro/libnx/lib\libnx.a(fs_dev.o)
 *fill*         0x000000000000b844        0xc 
 .text.fsdev_read
                0x000000000000b850      0x100 C:\devkitPro/libnx/lib\libnx.a(fs_dev.o)
 .text.fsdev_dirnext
                0x000000000000b950      0x1d4 C:\devkitPro/libnx/lib\libnx.a(fs_dev.o)
 *fill*         0x000000000000bb24        0xc 
 .text.fsdev_write
                0x000000000000bb30      0x124 C:\devkitPro/libnx/lib\libnx.a(fs_dev.o)
 *fill*         0x000000000000bc54        0xc 
 .text.fsdev_seek
                0x000000000000bc60      0x110 C:\devkitPro/libnx/lib\libnx.a(fs_dev.o)
 .text.fsdev_open
                0x000000000000bd70      0x230 C:\devkitPro/libnx/lib\libnx.a(fs_dev.o)
 .text.fsdevMountDevice
                0x000000000000bfa0      0x324 C:\devkitPro/libnx/lib\libnx.a(fs_dev.o)
                0x000000000000bfa0                fsdevMountDevice
 *fill*         0x000000000000c2c4        0xc 
 .text.fsdevMountSdmc
                0x000000000000c2d0       0x40 C:\devkitPro/libnx/lib\libnx.a(fs_dev.o)
                0x000000000000c2d0                fsdevMountSdmc
 .text.__libnx_init_cwd
                0x000000000000c310       0xbc C:\devkitPro/libnx/lib\libnx.a(fs_dev.o)
                0x000000000000c310                __libnx_init_cwd
 *fill*         0x000000000000c3cc        0x4 
 .text.fsdevUnmountAll
                0x000000000000c3d0       0x64 C:\devkitPro/libnx/lib\libnx.a(fs_dev.o)
                0x000000000000c3d0                fsdevUnmountAll
 *fill*         0x000000000000c434        0xc 
 .text.decode_utf8
                0x000000000000c440      0x128 C:\devkitPro/libnx/lib\libnx.a(decode_utf8.o)
                0x000000000000c440                decode_utf8
 .text.armDCacheFlush
                0x000000000000c568       0x4c C:\devkitPro/libnx/lib\libnx.a(cache.o)
                0x000000000000c568                armDCacheFlush
 .text.__libnx_exception_entry
                0x000000000000c5b4      0x1c0 C:\devkitPro/libnx/lib\libnx.a(exception.o)
                0x000000000000c5b4                __libnx_exception_entry
 .text.__libnx_exception_returnentry
                0x000000000000c774       0x18 C:\devkitPro/libnx/lib\libnx.a(exception.o)
                0x000000000000c774                __libnx_exception_returnentry
 .text.__aarch64_read_tp
                0x000000000000c78c        0xc C:\devkitPro/libnx/lib\libnx.a(readtp.o)
                0x000000000000c78c                __aarch64_read_tp
 *fill*         0x000000000000c798        0x8 
 .text.condvarWaitTimeout
                0x000000000000c7a0       0x70 C:\devkitPro/libnx/lib\libnx.a(condvar.o)
                0x000000000000c7a0                condvarWaitTimeout
 .text.randomGet
                0x000000000000c810      0x410 C:\devkitPro/libnx/lib\libnx.a(random.o)
                0x000000000000c810                randomGet
 .text.randomGet64
                0x000000000000cc20       0x20 C:\devkitPro/libnx/lib\libnx.a(random.o)
                0x000000000000cc20                randomGet64
 .text.__libnx_init_thread
                0x000000000000cc40       0xb0 C:\devkitPro/libnx/lib\libnx.a(thread.o)
                0x000000000000cc40                __libnx_init_thread
 .text._fsCleanup
                0x000000000000ccf0       0xb4 C:\devkitPro/libnx/lib\libnx.a(fs.o)
 *fill*         0x000000000000cda4        0xc 
 .text._fsCmdNoIO
                0x000000000000cdb0      0x1c0 C:\devkitPro/libnx/lib\libnx.a(fs.o)
 .text._fsFsCmdWithInPath
                0x000000000000cf70      0x1e0 C:\devkitPro/libnx/lib\libnx.a(fs.o)
 .text._fsFsCmdWithTwoInPaths
                0x000000000000d150      0x1f8 C:\devkitPro/libnx/lib\libnx.a(fs.o)
 *fill*         0x000000000000d348        0x8 
 .text._fsFsOpenCommon
                0x000000000000d350      0x28c C:\devkitPro/libnx/lib\libnx.a(fs.o)
 *fill*         0x000000000000d5dc        0x4 
 .text._fsFsCmdWithInPathAndOutU64
                0x000000000000d5e0      0x1fc C:\devkitPro/libnx/lib\libnx.a(fs.o)
 *fill*         0x000000000000d7dc        0x4 
 .text._fsObjectClose
                0x000000000000d7e0       0xf8 C:\devkitPro/libnx/lib\libnx.a(fs.o)
 *fill*         0x000000000000d8d8        0x8 
 .text._fsCmdGetSession.constprop.0
                0x000000000000d8e0      0x17c C:\devkitPro/libnx/lib\libnx.a(fs.o)
 *fill*         0x000000000000da5c        0x4 
 .text.fsInitialize
                0x000000000000da60      0x2f8 C:\devkitPro/libnx/lib\libnx.a(fs.o)
                0x000000000000da60                fsInitialize
 *fill*         0x000000000000dd58        0x8 
 .text.fsExit   0x000000000000dd60       0x48 C:\devkitPro/libnx/lib\libnx.a(fs.o)
                0x000000000000dd60                fsExit
 *fill*         0x000000000000dda8        0x8 
 .text.fsOpenSdCardFileSystem
                0x000000000000ddb0        0x8 C:\devkitPro/libnx/lib\libnx.a(fs.o)
                0x000000000000ddb0                fsOpenSdCardFileSystem
 *fill*         0x000000000000ddb8        0x8 
 .text.fsFsCreateFile
                0x000000000000ddc0      0x1ec C:\devkitPro/libnx/lib\libnx.a(fs.o)
                0x000000000000ddc0                fsFsCreateFile
 *fill*         0x000000000000dfac        0x4 
 .text.fsFsDeleteFile
                0x000000000000dfb0        0x8 C:\devkitPro/libnx/lib\libnx.a(fs.o)
                0x000000000000dfb0                fsFsDeleteFile
 *fill*         0x000000000000dfb8        0x8 
 .text.fsFsCreateDirectory
                0x000000000000dfc0        0x8 C:\devkitPro/libnx/lib\libnx.a(fs.o)
                0x000000000000dfc0                fsFsCreateDirectory
 *fill*         0x000000000000dfc8        0x8 
 .text.fsFsDeleteDirectory
                0x000000000000dfd0        0x8 C:\devkitPro/libnx/lib\libnx.a(fs.o)
                0x000000000000dfd0                fsFsDeleteDirectory
 *fill*         0x000000000000dfd8        0x8 
 .text.fsFsRenameFile
                0x000000000000dfe0        0x8 C:\devkitPro/libnx/lib\libnx.a(fs.o)
                0x000000000000dfe0                fsFsRenameFile
 *fill*         0x000000000000dfe8        0x8 
 .text.fsFsRenameDirectory
                0x000000000000dff0        0x8 C:\devkitPro/libnx/lib\libnx.a(fs.o)
                0x000000000000dff0                fsFsRenameDirectory
 *fill*         0x000000000000dff8        0x8 
 .text.fsFsGetEntryType
                0x000000000000e000      0x1f0 C:\devkitPro/libnx/lib\libnx.a(fs.o)
                0x000000000000e000                fsFsGetEntryType
 .text.fsFsOpenFile
                0x000000000000e1f0        0x8 C:\devkitPro/libnx/lib\libnx.a(fs.o)
                0x000000000000e1f0                fsFsOpenFile
 *fill*         0x000000000000e1f8        0x8 
 .text.fsFsOpenDirectory
                0x000000000000e200        0x8 C:\devkitPro/libnx/lib\libnx.a(fs.o)
                0x000000000000e200                fsFsOpenDirectory
 *fill*         0x000000000000e208        0x8 
 .text.fsFsGetFreeSpace
                0x000000000000e210        0x8 C:\devkitPro/libnx/lib\libnx.a(fs.o)
                0x000000000000e210                fsFsGetFreeSpace
 *fill*         0x000000000000e218        0x8 
 .text.fsFsGetTotalSpace
                0x000000000000e220        0x8 C:\devkitPro/libnx/lib\libnx.a(fs.o)
                0x000000000000e220                fsFsGetTotalSpace
 *fill*         0x000000000000e228        0x8 
 .text.fsFsGetFileTimeStampRaw
                0x000000000000e230      0x230 C:\devkitPro/libnx/lib\libnx.a(fs.o)
                0x000000000000e230                fsFsGetFileTimeStampRaw
 .text.fsFsClose
                0x000000000000e460        0x4 C:\devkitPro/libnx/lib\libnx.a(fs.o)
                0x000000000000e460                fsFsClose
 *fill*         0x000000000000e464        0xc 
 .text.fsFileRead
                0x000000000000e470      0x214 C:\devkitPro/libnx/lib\libnx.a(fs.o)
                0x000000000000e470                fsFileRead
 *fill*         0x000000000000e684        0xc 
 .text.fsFileWrite
                0x000000000000e690      0x1f8 C:\devkitPro/libnx/lib\libnx.a(fs.o)
                0x000000000000e690                fsFileWrite
 *fill*         0x000000000000e888        0x8 
 .text.fsFileFlush
                0x000000000000e890        0x8 C:\devkitPro/libnx/lib\libnx.a(fs.o)
                0x000000000000e890                fsFileFlush
 *fill*         0x000000000000e898        0x8 
 .text.fsFileSetSize
                0x000000000000e8a0      0x1c0 C:\devkitPro/libnx/lib\libnx.a(fs.o)
                0x000000000000e8a0                fsFileSetSize
 .text.fsFileGetSize
                0x000000000000ea60      0x1d4 C:\devkitPro/libnx/lib\libnx.a(fs.o)
                0x000000000000ea60                fsFileGetSize
 *fill*         0x000000000000ec34        0xc 
 .text.fsFileClose
                0x000000000000ec40        0x4 C:\devkitPro/libnx/lib\libnx.a(fs.o)
                0x000000000000ec40                fsFileClose
 *fill*         0x000000000000ec44        0xc 
 .text.fsDirClose
                0x000000000000ec50        0x4 C:\devkitPro/libnx/lib\libnx.a(fs.o)
                0x000000000000ec50                fsDirClose
 *fill*         0x000000000000ec54        0xc 
 .text.fsDirRead
                0x000000000000ec60      0x204 C:\devkitPro/libnx/lib\libnx.a(fs.o)
                0x000000000000ec60                fsDirRead
 *fill*         0x000000000000ee64        0xc 
 .text._nvCleanup
                0x000000000000ee70       0xd0 C:\devkitPro/libnx/lib\libnx.a(nv.o)
 .text._nvCmdInitialize.constprop.0
                0x000000000000ef40       0xd4 C:\devkitPro/libnx/lib\libnx.a(nv.o)
 *fill*         0x000000000000f014        0xc 
 .text.__nx_nv_create_tmem
                0x000000000000f020       0x18 C:\devkitPro/libnx/lib\libnx.a(nv.o)
                0x000000000000f020                __nx_nv_create_tmem
 *fill*         0x000000000000f038        0x8 
 .text.nvInitialize
                0x000000000000f040      0x3a8 C:\devkitPro/libnx/lib\libnx.a(nv.o)
                0x000000000000f040                nvInitialize
 *fill*         0x000000000000f3e8        0x8 
 .text.nvExit   0x000000000000f3f0       0x48 C:\devkitPro/libnx/lib\libnx.a(nv.o)
                0x000000000000f3f0                nvExit
 *fill*         0x000000000000f438        0x8 
 .text.nvConvertError
                0x000000000000f440       0xf4 C:\devkitPro/libnx/lib\libnx.a(nv.o)
                0x000000000000f440                nvConvertError
 *fill*         0x000000000000f534        0xc 
 .text.nvOpen   0x000000000000f540      0x114 C:\devkitPro/libnx/lib\libnx.a(nv.o)
                0x000000000000f540                nvOpen
 *fill*         0x000000000000f654        0xc 
 .text.nvIoctl  0x000000000000f660      0x310 C:\devkitPro/libnx/lib\libnx.a(nv.o)
                0x000000000000f660                nvIoctl
 .text.nvClose  0x000000000000f970       0xd4 C:\devkitPro/libnx/lib\libnx.a(nv.o)
                0x000000000000f970                nvClose
 *fill*         0x000000000000fa44        0xc 
 .text.nvQueryEvent
                0x000000000000fa50      0x10c C:\devkitPro/libnx/lib\libnx.a(nv.o)
                0x000000000000fa50                nvQueryEvent
 *fill*         0x000000000000fb5c        0x4 
 .text._setsysGetFirmwareVersionImpl
                0x000000000000fb60       0xd0 C:\devkitPro/libnx/lib\libnx.a(set.o)
 .text._setsysCleanup
                0x000000000000fc30       0x78 C:\devkitPro/libnx/lib\libnx.a(set.o)
 *fill*         0x000000000000fca8        0x8 
 .text.setsysInitialize
                0x000000000000fcb0       0xa0 C:\devkitPro/libnx/lib\libnx.a(set.o)
                0x000000000000fcb0                setsysInitialize
 .text.setsysExit
                0x000000000000fd50       0x48 C:\devkitPro/libnx/lib\libnx.a(set.o)
                0x000000000000fd50                setsysExit
 *fill*         0x000000000000fd98        0x8 
 .text.setsysGetFirmwareVersion
                0x000000000000fda0       0x48 C:\devkitPro/libnx/lib\libnx.a(set.o)
                0x000000000000fda0                setsysGetFirmwareVersion
 *fill*         0x000000000000fde8        0x8 
 .text._timeCleanup
                0x000000000000fdf0      0x27c C:\devkitPro/libnx/lib\libnx.a(time.o)
 *fill*         0x000000000001006c        0x4 
 .text._timeCmdGetSession.constprop.0
                0x0000000000010070      0x100 C:\devkitPro/libnx/lib\libnx.a(time.o)
 .text._timeReadClockFromSharedMem
                0x0000000000010170      0x104 C:\devkitPro/libnx/lib\libnx.a(time.o)
 *fill*         0x0000000000010274        0xc 
 .text.timeInitialize
                0x0000000000010280      0x300 C:\devkitPro/libnx/lib\libnx.a(time.o)
                0x0000000000010280                timeInitialize
 .text.timeExit
                0x0000000000010580       0x48 C:\devkitPro/libnx/lib\libnx.a(time.o)
                0x0000000000010580                timeExit
 *fill*         0x00000000000105c8        0x8 
 .text.timeGetServiceSession_SystemClock
                0x00000000000105d0       0x38 C:\devkitPro/libnx/lib\libnx.a(time.o)
                0x00000000000105d0                timeGetServiceSession_SystemClock
 *fill*         0x0000000000010608        0x8 
 .text.timeGetCurrentTime
                0x0000000000010610       0xfc C:\devkitPro/libnx/lib\libnx.a(time.o)
                0x0000000000010610                timeGetCurrentTime
 *fill*         0x000000000001070c        0x4 
 .text.timeToCalendarTimeWithMyRule
                0x0000000000010710      0x108 C:\devkitPro/libnx/lib\libnx.a(time.o)
                0x0000000000010710                timeToCalendarTimeWithMyRule
 *fill*         0x0000000000010818        0x8 
 .text.timeToPosixTimeWithMyRule
                0x0000000000010820      0x114 C:\devkitPro/libnx/lib\libnx.a(time.o)
                0x0000000000010820                timeToPosixTimeWithMyRule
 *fill*         0x0000000000010934        0xc 
 .text._viCleanup
                0x0000000000010940      0x230 C:\devkitPro/libnx/lib\libnx.a(vi.o)
 .text._viCmdGetSessionNoParams.constprop.0
                0x0000000000010b70      0x100 C:\devkitPro/libnx/lib\libnx.a(vi.o)
 .text.viInitialize
                0x0000000000010c70      0x368 C:\devkitPro/libnx/lib\libnx.a(vi.o)
                0x0000000000010c70                viInitialize
 *fill*         0x0000000000010fd8        0x8 
 .text.viExit   0x0000000000010fe0       0x48 C:\devkitPro/libnx/lib\libnx.a(vi.o)
                0x0000000000010fe0                viExit
 *fill*         0x0000000000011028        0x8 
 .text.viGetSession_IHOSBinderDriverRelay
                0x0000000000011030        0xc C:\devkitPro/libnx/lib\libnx.a(vi.o)
                0x0000000000011030                viGetSession_IHOSBinderDriverRelay
 *fill*         0x000000000001103c        0x4 
 .text.viOpenDisplay
                0x0000000000011040      0x10c C:\devkitPro/libnx/lib\libnx.a(vi.o)
                0x0000000000011040                viOpenDisplay
 *fill*         0x000000000001114c        0x4 
 .text.viCloseDisplay
                0x0000000000011150       0xec C:\devkitPro/libnx/lib\libnx.a(vi.o)
                0x0000000000011150                viCloseDisplay
 *fill*         0x000000000001123c        0x4 
 .text.viCloseLayer
                0x0000000000011240       0xf4 C:\devkitPro/libnx/lib\libnx.a(vi.o)
                0x0000000000011240                viCloseLayer
 *fill*         0x0000000000011334        0xc 
 .text.viCreateLayer
                0x0000000000011340      0x394 C:\devkitPro/libnx/lib\libnx.a(vi.o)
                0x0000000000011340                viCreateLayer
 *fill*         0x00000000000116d4        0xc 
 .text.viSetLayerScalingMode
                0x00000000000116e0       0xd8 C:\devkitPro/libnx/lib\libnx.a(vi.o)
                0x00000000000116e0                viSetLayerScalingMode
 *fill*         0x00000000000117b8        0x8 
 .text._nvFenceCleanup
                0x00000000000117c0       0x74 C:\devkitPro/libnx/lib\libnx.a(fence.o)
 *fill*         0x0000000000011834        0xc 
 .text.nvFenceInit
                0x0000000000011840       0x98 C:\devkitPro/libnx/lib\libnx.a(fence.o)
                0x0000000000011840                nvFenceInit
 *fill*         0x00000000000118d8        0x8 
 .text.nvFenceExit
                0x00000000000118e0       0x48 C:\devkitPro/libnx/lib\libnx.a(fence.o)
                0x00000000000118e0                nvFenceExit
 *fill*         0x0000000000011928        0x8 
 .text.nvFenceWait
                0x0000000000011930      0x290 C:\devkitPro/libnx/lib\libnx.a(fence.o)
                0x0000000000011930                nvFenceWait
 .text.nvMultiFenceWait
                0x0000000000011bc0       0x7c C:\devkitPro/libnx/lib\libnx.a(fence.o)
                0x0000000000011bc0                nvMultiFenceWait
 *fill*         0x0000000000011c3c        0x4 
 .text.nvMapInit
                0x0000000000011c40       0xac C:\devkitPro/libnx/lib\libnx.a(map.o)
                0x0000000000011c40                nvMapInit
 *fill*         0x0000000000011cec        0x4 
 .text.nvMapExit
                0x0000000000011cf0       0x74 C:\devkitPro/libnx/lib\libnx.a(map.o)
                0x0000000000011cf0                nvMapExit
 *fill*         0x0000000000011d64        0xc 
 .text.nvMapClose
                0x0000000000011d70       0x8c C:\devkitPro/libnx/lib\libnx.a(map.o)
                0x0000000000011d70                nvMapClose
 *fill*         0x0000000000011dfc        0x4 
 .text.nvMapCreate
                0x0000000000011e00      0x160 C:\devkitPro/libnx/lib\libnx.a(map.o)
                0x0000000000011e00                nvMapCreate
 .text.nvioctlNvhostCtrl_EventSignal
                0x0000000000011f60       0x24 C:\devkitPro/libnx/lib\libnx.a(nvhost-ctrl.o)
                0x0000000000011f60                nvioctlNvhostCtrl_EventSignal
 *fill*         0x0000000000011f84        0xc 
 .text.nvioctlNvhostCtrl_EventWait
                0x0000000000011f90       0x3c C:\devkitPro/libnx/lib\libnx.a(nvhost-ctrl.o)
                0x0000000000011f90                nvioctlNvhostCtrl_EventWait
 *fill*         0x0000000000011fcc        0x4 
 .text.nvioctlNvhostCtrl_EventWaitAsync
                0x0000000000011fd0       0x28 C:\devkitPro/libnx/lib\libnx.a(nvhost-ctrl.o)
                0x0000000000011fd0                nvioctlNvhostCtrl_EventWaitAsync
 *fill*         0x0000000000011ff8        0x8 
 .text.nvioctlNvhostCtrl_EventRegister
                0x0000000000012000       0x24 C:\devkitPro/libnx/lib\libnx.a(nvhost-ctrl.o)
                0x0000000000012000                nvioctlNvhostCtrl_EventRegister
 *fill*         0x0000000000012024        0xc 
 .text.nvioctlNvhostCtrl_EventUnregister
                0x0000000000012030       0x24 C:\devkitPro/libnx/lib\libnx.a(nvhost-ctrl.o)
                0x0000000000012030                nvioctlNvhostCtrl_EventUnregister
 *fill*         0x0000000000012054        0xc 
 .text.nvioctlNvmap_Create
                0x0000000000012060       0x3c C:\devkitPro/libnx/lib\libnx.a(nvmap.o)
                0x0000000000012060                nvioctlNvmap_Create
 *fill*         0x000000000001209c        0x4 
 .text.nvioctlNvmap_Alloc
                0x00000000000120a0       0x30 C:\devkitPro/libnx/lib\libnx.a(nvmap.o)
                0x00000000000120a0                nvioctlNvmap_Alloc
 .text.nvioctlNvmap_Free
                0x00000000000120d0       0x30 C:\devkitPro/libnx/lib\libnx.a(nvmap.o)
                0x00000000000120d0                nvioctlNvmap_Free
 .text.nvioctlNvmap_GetId
                0x0000000000012100       0x3c C:\devkitPro/libnx/lib\libnx.a(nvmap.o)
                0x0000000000012100                nvioctlNvmap_GetId
 *fill*         0x000000000001213c        0x4 
 .text.binderCreate
                0x0000000000012140       0x1c C:\devkitPro/libnx/lib\libnx.a(binder.o)
                0x0000000000012140                binderCreate
 *fill*         0x000000000001215c        0x4 
 .text.binderTransactParcel
                0x0000000000012160      0x35c C:\devkitPro/libnx/lib\libnx.a(binder.o)
                0x0000000000012160                binderTransactParcel
 *fill*         0x00000000000124bc        0x4 
 .text.binderConvertErrorCode
                0x00000000000124c0       0xe8 C:\devkitPro/libnx/lib\libnx.a(binder.o)
                0x00000000000124c0                binderConvertErrorCode
 *fill*         0x00000000000125a8        0x8 
 .text.binderAdjustRefcount
                0x00000000000125b0      0x124 C:\devkitPro/libnx/lib\libnx.a(binder.o)
                0x00000000000125b0                binderAdjustRefcount
 *fill*         0x00000000000126d4        0xc 
 .text.binderInitSession
                0x00000000000126e0       0x9c C:\devkitPro/libnx/lib\libnx.a(binder.o)
                0x00000000000126e0                binderInitSession
 *fill*         0x000000000001277c        0x4 
 .text.binderClose
                0x0000000000012780       0x5c C:\devkitPro/libnx/lib\libnx.a(binder.o)
                0x0000000000012780                binderClose
 *fill*         0x00000000000127dc        0x4 
 .text.binderGetNativeHandle
                0x00000000000127e0      0x154 C:\devkitPro/libnx/lib\libnx.a(binder.o)
                0x00000000000127e0                binderGetNativeHandle
 *fill*         0x0000000000012934        0xc 
 .text.bqRequestBuffer
                0x0000000000012940       0xc8 C:\devkitPro/libnx/lib\libnx.a(buffer_producer.o)
                0x0000000000012940                bqRequestBuffer
 *fill*         0x0000000000012a08        0x8 
 .text.bqDequeueBuffer
                0x0000000000012a10      0x128 C:\devkitPro/libnx/lib\libnx.a(buffer_producer.o)
                0x0000000000012a10                bqDequeueBuffer
 *fill*         0x0000000000012b38        0x8 
 .text.bqQueueBuffer
                0x0000000000012b40       0xc8 C:\devkitPro/libnx/lib\libnx.a(buffer_producer.o)
                0x0000000000012b40                bqQueueBuffer
 *fill*         0x0000000000012c08        0x8 
 .text.bqCancelBuffer
                0x0000000000012c10       0x84 C:\devkitPro/libnx/lib\libnx.a(buffer_producer.o)
                0x0000000000012c10                bqCancelBuffer
 *fill*         0x0000000000012c94        0xc 
 .text.bqConnect
                0x0000000000012ca0       0xd0 C:\devkitPro/libnx/lib\libnx.a(buffer_producer.o)
                0x0000000000012ca0                bqConnect
 .text.bqDisconnect
                0x0000000000012d70       0x88 C:\devkitPro/libnx/lib\libnx.a(buffer_producer.o)
                0x0000000000012d70                bqDisconnect
 *fill*         0x0000000000012df8        0x8 
 .text.bqSetPreallocatedBuffer
                0x0000000000012e00      0x194 C:\devkitPro/libnx/lib\libnx.a(buffer_producer.o)
                0x0000000000012e00                bqSetPreallocatedBuffer
 *fill*         0x0000000000012f94        0xc 
 .text.parcelCreate
                0x0000000000012fa0       0x30 C:\devkitPro/libnx/lib\libnx.a(parcel.o)
                0x0000000000012fa0                parcelCreate
 .text.parcelTransact
                0x0000000000012fd0      0x174 C:\devkitPro/libnx/lib\libnx.a(parcel.o)
                0x0000000000012fd0                parcelTransact
 *fill*         0x0000000000013144        0xc 
 .text.parcelWriteData
                0x0000000000013150       0x80 C:\devkitPro/libnx/lib\libnx.a(parcel.o)
                0x0000000000013150                parcelWriteData
 .text.parcelReadData
                0x00000000000131d0       0x88 C:\devkitPro/libnx/lib\libnx.a(parcel.o)
                0x00000000000131d0                parcelReadData
 *fill*         0x0000000000013258        0x8 
 .text.parcelWriteInt32
                0x0000000000013260       0x20 C:\devkitPro/libnx/lib\libnx.a(parcel.o)
                0x0000000000013260                parcelWriteInt32
 .text.parcelWriteUInt32
                0x0000000000013280       0x20 C:\devkitPro/libnx/lib\libnx.a(parcel.o)
                0x0000000000013280                parcelWriteUInt32
 .text.parcelWriteString16
                0x00000000000132a0       0x7c C:\devkitPro/libnx/lib\libnx.a(parcel.o)
                0x00000000000132a0                parcelWriteString16
 *fill*         0x000000000001331c        0x4 
 .text.parcelWriteInterfaceToken
                0x0000000000013320       0x30 C:\devkitPro/libnx/lib\libnx.a(parcel.o)
                0x0000000000013320                parcelWriteInterfaceToken
 .text.parcelReadInt32
                0x0000000000013350       0x24 C:\devkitPro/libnx/lib\libnx.a(parcel.o)
                0x0000000000013350                parcelReadInt32
 *fill*         0x0000000000013374        0xc 
 .text.parcelReadFlattenedObject
                0x0000000000013380       0x68 C:\devkitPro/libnx/lib\libnx.a(parcel.o)
                0x0000000000013380                parcelReadFlattenedObject
 *fill*         0x00000000000133e8        0x8 
 .text.parcelWriteFlattenedObject
                0x00000000000133f0       0x44 C:\devkitPro/libnx/lib\libnx.a(parcel.o)
                0x00000000000133f0                parcelWriteFlattenedObject
 *fill*         0x0000000000013434        0xc 
 .text.sessionmgrCreate
                0x0000000000013440      0x184 C:\devkitPro/libnx/lib\libnx.a(sessionmgr.o)
                0x0000000000013440                sessionmgrCreate
 *fill*         0x00000000000135c4        0xc 
 .text.sessionmgrClose
                0x00000000000135d0       0x84 C:\devkitPro/libnx/lib\libnx.a(sessionmgr.o)
                0x00000000000135d0                sessionmgrClose
 *fill*         0x0000000000013654        0xc 
 .text.sessionmgrAttachClient
                0x0000000000013660       0xa8 C:\devkitPro/libnx/lib\libnx.a(sessionmgr.o)
                0x0000000000013660                sessionmgrAttachClient
 *fill*         0x0000000000013708        0x8 
 .text.sessionmgrDetachClient
                0x0000000000013710       0x60 C:\devkitPro/libnx/lib\libnx.a(sessionmgr.o)
                0x0000000000013710                sessionmgrDetachClient
 *fill*         0x0000000000013770       0x10 
 .text.strncat  0x0000000000013780       0xc4 C:/devkitPro/devkitA64/bin/../lib/gcc/aarch64-none-elf/15.2.0/../../../../aarch64-none-elf/lib/pic\libg.a(libc_a-strncat.o)
                0x0000000000013780                strncat
 *fill*         0x0000000000013844       0x3c 
 .text          0x0000000000013880       0xb8 C:/devkitPro/devkitA64/bin/../lib/gcc/aarch64-none-elf/15.2.0/../../../../aarch64-none-elf/lib/pic\libg.a(libc_a-strnlen.o)
                0x0000000000013880                strnlen
 *fill*         0x0000000000013938        0x8 
 .text.bsearch  0x0000000000013940       0xb4 C:/devkitPro/devkitA64/bin/../lib/gcc/aarch64-none-elf/15.2.0/../../../../aarch64-none-elf/lib/pic\libg.a(libc_a-bsearch.o)
                0x0000000000013940                bsearch
 *fill*         0x00000000000139f4        0xc 
 .text          0x0000000000013a00      0x22c C:/devkitPro/devkitA64/bin/../lib/gcc/aarch64-none-elf/15.2.0/../../../../aarch64-none-elf/lib/pic\libg.a(libc_a-memcpy.o)
                0x0000000000013a00                memcpy
                0x0000000000013a00                memmove
 *fill*         0x0000000000013c2c       0x14 
 .text.gmtime   0x0000000000013c40       0x28 C:/devkitPro/devkitA64/bin/../lib/gcc/aarch64-none-elf/15.2.0/../../../../aarch64-none-elf/lib/pic\libg.a(libc_a-gmtime.o)
                0x0000000000013c40                gmtime
 *fill*         0x0000000000013c68       0x18 
 .text          0x0000000000013c80      0x104 C:/devkitPro/devkitA64/bin/../lib/gcc/aarch64-none-elf/15.2.0/../../../../aarch64-none-elf/lib/pic\libg.a(libc_a-memset.o)
                0x0000000000013c80                memset
 *fill*         0x0000000000013d84       0x1c 
 .text.printf   0x0000000000013da0       0x80 C:/devkitPro/devkitA64/bin/../lib/gcc/aarch64-none-elf/15.2.0/../../../../aarch64-none-elf/lib/pic\libg.a(libc_a-printf.o)
                0x0000000000013da0                printf
 .text._strtoul_l.isra.0
                0x0000000000013e20      0x1a4 C:/devkitPro/devkitA64/bin/../lib/gcc/aarch64-none-elf/15.2.0/../../../../aarch64-none-elf/lib/pic\libg.a(libc_a-strtoul.o)
 *fill*         0x0000000000013fc4       0x1c 
 .text.strtoul  0x0000000000013fe0       0x40 C:/devkitPro/devkitA64/bin/../lib/gcc/aarch64-none-elf/15.2.0/../../../../aarch64-none-elf/lib/pic\libg.a(libc_a-strtoul.o)
                0x0000000000013fe0                strtoul
 .text.aligned_alloc
                0x0000000000014020       0x2c C:/devkitPro/devkitA64/bin/../lib/gcc/aarch64-none-elf/15.2.0/../../../../aarch64-none-elf/lib/pic\libg.a(libc_a-aligned_alloc.o)
                0x0000000000014020                aligned_alloc
 *fill*         0x000000000001404c       0x14 
 .text._memalign_r
                0x0000000000014060      0x18c C:/devkitPro/devkitA64/bin/../lib/gcc/aarch64-none-elf/15.2.0/../../../../aarch64-none-elf/lib/pic\libg.a(libc_a-malignr.o)
                0x0000000000014060                _memalign_r
 *fill*         0x00000000000141ec       0x14 
 .text.__errno  0x0000000000014200       0x14 C:/devkitPro/devkitA64/bin/../lib/gcc/aarch64-none-elf/15.2.0/../../../../aarch64-none-elf/lib/pic\libg.a(libc_a-errno.o)
                0x0000000000014200                __errno
 *fill*         0x0000000000014214       0x2c 
 .text          0x0000000000014240      0x130 C:/devkitPro/devkitA64/bin/../lib/gcc/aarch64-none-elf/15.2.0/../../../../aarch64-none-elf/lib/pic\libg.a(libc_a-strlen.o)
                0x0000000000014240                strlen
 *fill*         0x0000000000014370       0x10 
 .text          0x0000000000014380      0x1b4 C:/devkitPro/devkitA64/bin/../lib/gcc/aarch64-none-elf/15.2.0/../../../../aarch64-none-elf/lib/pic\libg.a(libc_a-strncmp.o)
                0x0000000000014380                strncmp
 *fill*         0x0000000000014534        0xc 
 .text._malloc_r
                0x0000000000014540      0x840 C:/devkitPro/devkitA64/bin/../lib/gcc/aarch64-none-elf/15.2.0/../../../../aarch64-none-elf/lib/pic\libg.a(libc_a-mallocr.o)
                0x0000000000014540                _malloc_r
 .text._malloc_trim_r
                0x0000000000014d80      0x11c C:/devkitPro/devkitA64/bin/../lib/gcc/aarch64-none-elf/15.2.0/../../../../aarch64-none-elf/lib/pic\libg.a(libc_a-freer.o)
                0x0000000000014d80                _malloc_trim_r
 *fill*         0x0000000000014e9c        0x4 
 .text._free_r  0x0000000000014ea0      0x2d8 C:/devkitPro/devkitA64/bin/../lib/gcc/aarch64-none-elf/15.2.0/../../../../aarch64-none-elf/lib/pic\libg.a(libc_a-freer.o)
                0x0000000000014ea0                _free_r
 *fill*         0x0000000000015178        0x8 
 .text.setvbuf  0x0000000000015180      0x278 C:/devkitPro/devkitA64/bin/../lib/gcc/aarch64-none-elf/15.2.0/../../../../aarch64-none-elf/lib/pic\libg.a(libc_a-setvbuf.o)
                0x0000000000015180                setvbuf
 *fill*         0x00000000000153f8        0x8 
 .text.stdio_exit_handler
                0x0000000000015400       0x1c C:/devkitPro/devkitA64/bin/../lib/gcc/aarch64-none-elf/15.2.0/../../../../aarch64-none-elf/lib/pic\libg.a(libc_a-findfp.o)
 *fill*         0x000000000001541c        0x4 
 .text.cleanup_stdio
                0x0000000000015420       0x6c C:/devkitPro/devkitA64/bin/../lib/gcc/aarch64-none-elf/15.2.0/../../../../aarch64-none-elf/lib/pic\libg.a(libc_a-findfp.o)
 *fill*         0x000000000001548c       0x14 
 .text.global_stdio_init.part.0
                0x00000000000154a0      0x128 C:/devkitPro/devkitA64/bin/../lib/gcc/aarch64-none-elf/15.2.0/../../../../aarch64-none-elf/lib/pic\libg.a(libc_a-findfp.o)
 *fill*         0x00000000000155c8       0x18 
 .text.__sfp_lock_acquire
                0x00000000000155e0        0xc C:/devkitPro/devkitA64/bin/../lib/gcc/aarch64-none-elf/15.2.0/../../../../aarch64-none-elf/lib/pic\libg.a(libc_a-findfp.o)
                0x00000000000155e0                __sfp_lock_acquire
 *fill*         0x00000000000155ec       0x14 
 .text.__sfp_lock_release
                0x0000000000015600        0xc C:/devkitPro/devkitA64/bin/../lib/gcc/aarch64-none-elf/15.2.0/../../../../aarch64-none-elf/lib/pic\libg.a(libc_a-findfp.o)
                0x0000000000015600                __sfp_lock_release
 *fill*         0x000000000001560c       0x14 
 .text.__sinit  0x0000000000015620       0x54 C:/devkitPro/devkitA64/bin/../lib/gcc/aarch64-none-elf/15.2.0/../../../../aarch64-none-elf/lib/pic\libg.a(libc_a-findfp.o)
                0x0000000000015620                __sinit
 *fill*         0x0000000000015674        0xc 
 .text.__libc_init_array
                0x0000000000015680       0xa4 C:/devkitPro/devkitA64/bin/../lib/gcc/aarch64-none-elf/15.2.0/../../../../aarch64-none-elf/lib/pic\libg.a(libc_a-init.o)
                0x0000000000015680                __libc_init_array
 *fill*         0x0000000000015724       0x1c 
 .text.strncpy  0x0000000000015740       0xac C:/devkitPro/devkitA64/bin/../lib/gcc/aarch64-none-elf/15.2.0/../../../../aarch64-none-elf/lib/pic\libg.a(libc_a-strncpy.o)
                0x0000000000015740                strncpy
 *fill*         0x00000000000157ec       0x14 
 .text.malloc   0x0000000000015800       0x38 C:/devkitPro/devkitA64/bin/../lib/gcc/aarch64-none-elf/15.2.0/../../../../aarch64-none-elf/lib/pic\libg.a(libc_a-malloc.o)
                0x0000000000015800                malloc
 *fill*         0x0000000000015838        0x8 
 .text.free     0x0000000000015840       0x1c C:/devkitPro/devkitA64/bin/../lib/gcc/aarch64-none-elf/15.2.0/../../../../aarch64-none-elf/lib/pic\libg.a(libc_a-malloc.o)
                0x0000000000015840                free
 *fill*         0x000000000001585c        0x4 
 .text._puts_r  0x0000000000015860       0xd4 C:/devkitPro/devkitA64/bin/../lib/gcc/aarch64-none-elf/15.2.0/../../../../aarch64-none-elf/lib/pic\libg.a(libc_a-puts.o)
                0x0000000000015860                _puts_r
 *fill*         0x0000000000015934        0xc 
 .text.puts     0x0000000000015940       0x1c C:/devkitPro/devkitA64/bin/../lib/gcc/aarch64-none-elf/15.2.0/../../../../aarch64-none-elf/lib/pic\libg.a(libc_a-puts.o)
                0x0000000000015940                puts
 *fill*         0x000000000001595c        0x4 
 .text.__sread  0x0000000000015960       0x4c C:/devkitPro/devkitA64/bin/../lib/gcc/aarch64-none-elf/15.2.0/../../../../aarch64-none-elf/lib/pic\libg.a(libc_a-stdio.o)
                0x0000000000015960                __sread
 *fill*         0x00000000000159ac       0x14 
 .text.__swrite
                0x00000000000159c0       0x70 C:/devkitPro/devkitA64/bin/../lib/gcc/aarch64-none-elf/15.2.0/../../../../aarch64-none-elf/lib/pic\libg.a(libc_a-stdio.o)
                0x00000000000159c0                __swrite
 *fill*         0x0000000000015a30       0x10 
 .text.__sseek  0x0000000000015a40       0x50 C:/devkitPro/devkitA64/bin/../lib/gcc/aarch64-none-elf/15.2.0/../../../../aarch64-none-elf/lib/pic\libg.a(libc_a-stdio.o)
                0x0000000000015a40                __sseek
 *fill*         0x0000000000015a90       0x10 
 .text.__sclose
                0x0000000000015aa0        0x8 C:/devkitPro/devkitA64/bin/../lib/gcc/aarch64-none-elf/15.2.0/../../../../aarch64-none-elf/lib/pic\libg.a(libc_a-stdio.o)
                0x0000000000015aa0                __sclose
 *fill*         0x0000000000015aa8       0x18 
 .text.__malloc_lock
                0x0000000000015ac0        0xc C:/devkitPro/devkitA64/bin/../lib/gcc/aarch64-none-elf/15.2.0/../../../../aarch64-none-elf/lib/pic\libg.a(libc_a-mlock.o)
                0x0000000000015ac0                __malloc_lock
 *fill*         0x0000000000015acc       0x14 
 .text.__malloc_unlock
                0x0000000000015ae0        0xc C:/devkitPro/devkitA64/bin/../lib/gcc/aarch64-none-elf/15.2.0/../../../../aarch64-none-elf/lib/pic\libg.a(libc_a-mlock.o)
                0x0000000000015ae0                __malloc_unlock
 *fill*         0x0000000000015aec       0x14 
 .text._fclose_r
                0x0000000000015b00      0x130 C:/devkitPro/devkitA64/bin/../lib/gcc/aarch64-none-elf/15.2.0/../../../../aarch64-none-elf/lib/pic\libg.a(libc_a-fclose.o)
                0x0000000000015b00                _fclose_r
 *fill*         0x0000000000015c30       0x10 
 .text.putchar  0x0000000000015c40       0x20 C:/devkitPro/devkitA64/bin/../lib/gcc/aarch64-none-elf/15.2.0/../../../../aarch64-none-elf/lib/pic\libg.a(libc_a-putchar.o)
                0x0000000000015c40                putchar
 .text.setenv   0x0000000000015c60       0x34 C:/devkitPro/devkitA64/bin/../lib/gcc/aarch64-none-elf/15.2.0/../../../../aarch64-none-elf/lib/pic\libg.a(libc_a-setenv.o)
                0x0000000000015c60                setenv
 *fill*         0x0000000000015c94        0xc 
 .text.__call_exitprocs
                0x0000000000015ca0        0x4 C:/devkitPro/devkitA64/bin/../lib/gcc/aarch64-none-elf/15.2.0/../../../../aarch64-none-elf/lib/pic\libg.a(libc_a-exit.o)
                0x0000000000015ca0                __call_exitprocs
 *fill*         0x0000000000015ca4       0x1c 
 .text          0x0000000000015cc0      0x134 C:/devkitPro/devkitA64/bin/../lib/gcc/aarch64-none-elf/15.2.0/../../../../aarch64-none-elf/lib/pic\libg.a(libc_a-strcmp.o)
                0x0000000000015cc0                strcmp
 *fill*         0x0000000000015df4        0xc 
 .text.__libc_fini_array
                0x0000000000015e00       0x44 C:/devkitPro/devkitA64/bin/../lib/gcc/aarch64-none-elf/15.2.0/../../../../aarch64-none-elf/lib/pic\libg.a(libc_a-fini.o)
                0x0000000000015e00                __libc_fini_array
 *fill*         0x0000000000015e44       0x1c 
 .text.gmtime_r
                0x0000000000015e60      0x2a0 C:/devkitPro/devkitA64/bin/../lib/gcc/aarch64-none-elf/15.2.0/../../../../aarch64-none-elf/lib/pic\libg.a(libc_a-gmtime_r.o)
                0x0000000000015e60                gmtime_r
 .text._setenv_r
                0x0000000000016100      0x258 C:/devkitPro/devkitA64/bin/../lib/gcc/aarch64-none-elf/15.2.0/../../../../aarch64-none-elf/lib/pic\libg.a(libc_a-setenv_r.o)
                0x0000000000016100                _setenv_r
 *fill*         0x0000000000016358        0x8 
 .text._fwalk_sglue
                0x0000000000016360       0x98 C:/devkitPro/devkitA64/bin/../lib/gcc/aarch64-none-elf/15.2.0/../../../../aarch64-none-elf/lib/pic\libg.a(libc_a-fwalk.o)
                0x0000000000016360                _fwalk_sglue
 .text.get_arg  0x00000000000163f8      0x790 C:/devkitPro/devkitA64/bin/../lib/gcc/aarch64-none-elf/15.2.0/../../../../aarch64-none-elf/lib/pic\libg.a(libc_a-vfprintf.o)
 .text._vfprintf_r
                0x0000000000016b88     0x3bd4 C:/devkitPro/devkitA64/bin/../lib/gcc/aarch64-none-elf/15.2.0/../../../../aarch64-none-elf/lib/pic\libg.a(libc_a-vfprintf.o)
                0x0000000000016b88                _vfprintf_r
 .text.__sbprintf
                0x000000000001a75c       0xcc C:/devkitPro/devkitA64/bin/../lib/gcc/aarch64-none-elf/15.2.0/../../../../aarch64-none-elf/lib/pic\libg.a(libc_a-vfprintf.o)
 *fill*         0x000000000001a828       0x18 
 .text._wcrtomb_r
                0x000000000001a840       0xd0 C:/devkitPro/devkitA64/bin/../lib/gcc/aarch64-none-elf/15.2.0/../../../../aarch64-none-elf/lib/pic\libg.a(libc_a-wcrtomb.o)
                0x000000000001a840                _wcrtomb_r
 *fill*         0x000000000001a910       0x10 
 .text.__sfvwrite_r
                0x000000000001a920      0x4a4 C:/devkitPro/devkitA64/bin/../lib/gcc/aarch64-none-elf/15.2.0/../../../../aarch64-none-elf/lib/pic\libg.a(libc_a-fvwrite.o)
                0x000000000001a920                __sfvwrite_r
 *fill*         0x000000000001adc4       0x1c 
 .text.__swhatbuf_r
                0x000000000001ade0       0xb0 C:/devkitPro/devkitA64/bin/../lib/gcc/aarch64-none-elf/15.2.0/../../../../aarch64-none-elf/lib/pic\libg.a(libc_a-makebuf.o)
                0x000000000001ade0                __swhatbuf_r
 *fill*         0x000000000001ae90       0x10 
 .text.__smakebuf_r
                0x000000000001aea0       0xe8 C:/devkitPro/devkitA64/bin/../lib/gcc/aarch64-none-elf/15.2.0/../../../../aarch64-none-elf/lib/pic\libg.a(libc_a-makebuf.o)
                0x000000000001aea0                __smakebuf_r
 *fill*         0x000000000001af88       0x18 
 .text.__locale_mb_cur_max
                0x000000000001afa0       0x2c C:/devkitPro/devkitA64/bin/../lib/gcc/aarch64-none-elf/15.2.0/../../../../aarch64-none-elf/lib/pic\libg.a(libc_a-locale.o)
                0x000000000001afa0                __locale_mb_cur_max
 *fill*         0x000000000001afcc       0x14 
 .text.__sflush_r
                0x000000000001afe0      0x1ec C:/devkitPro/devkitA64/bin/../lib/gcc/aarch64-none-elf/15.2.0/../../../../aarch64-none-elf/lib/pic\libg.a(libc_a-fflush.o)
                0x000000000001afe0                __sflush_r
 *fill*         0x000000000001b1cc       0x14 
 .text._fflush_r
                0x000000000001b1e0       0xbc C:/devkitPro/devkitA64/bin/../lib/gcc/aarch64-none-elf/15.2.0/../../../../aarch64-none-elf/lib/pic\libg.a(libc_a-fflush.o)
                0x000000000001b1e0                _fflush_r
 *fill*         0x000000000001b29c        0x4 
 .text.__sprint_r
                0x000000000001b2a0       0x38 C:/devkitPro/devkitA64/bin/../lib/gcc/aarch64-none-elf/15.2.0/../../../../aarch64-none-elf/lib/pic\libg.a(libc_a-sprint_r.o)
                0x000000000001b2a0                __sprint_r
 *fill*         0x000000000001b2d8        0x8 
 .text._putc_r  0x000000000001b2e0       0xe4 C:/devkitPro/devkitA64/bin/../lib/gcc/aarch64-none-elf/15.2.0/../../../../aarch64-none-elf/lib/pic\libg.a(libc_a-putc.o)
                0x000000000001b2e0                _putc_r
 *fill*         0x000000000001b3c4       0x1c 
 .text.quorem   0x000000000001b3e0      0x1a4 C:/devkitPro/devkitA64/bin/../lib/gcc/aarch64-none-elf/15.2.0/../../../../aarch64-none-elf/lib/pic\libg.a(libc_a-dtoa.o)
 *fill*         0x000000000001b584       0x1c 
 .text._dtoa_r  0x000000000001b5a0     0x12f0 C:/devkitPro/devkitA64/bin/../lib/gcc/aarch64-none-elf/15.2.0/../../../../aarch64-none-elf/lib/pic\libg.a(libc_a-dtoa.o)
                0x000000000001b5a0                _dtoa_r
 *fill*         0x000000000001c890       0x10 
 .text.__swbuf_r
                0x000000000001c8a0      0x118 C:/devkitPro/devkitA64/bin/../lib/gcc/aarch64-none-elf/15.2.0/../../../../aarch64-none-elf/lib/pic\libg.a(libc_a-wbuf.o)
                0x000000000001c8a0                __swbuf_r
 *fill*         0x000000000001c9b8        0x8 
 .text._wcsrtombs_r
                0x000000000001c9c0       0x10 C:/devkitPro/devkitA64/bin/../lib/gcc/aarch64-none-elf/15.2.0/../../../../aarch64-none-elf/lib/pic\libg.a(libc_a-wcsrtombs.o)
                0x000000000001c9c0                _wcsrtombs_r
 *fill*         0x000000000001c9d0       0x10 
 .text.__swsetup_r
                0x000000000001c9e0      0x12c C:/devkitPro/devkitA64/bin/../lib/gcc/aarch64-none-elf/15.2.0/../../../../aarch64-none-elf/lib/pic\libg.a(libc_a-wsetup.o)
                0x000000000001c9e0                __swsetup_r
 *fill*         0x000000000001cb0c       0x14 
 .text._findenv_r
                0x000000000001cb20       0xf4 C:/devkitPro/devkitA64/bin/../lib/gcc/aarch64-none-elf/15.2.0/../../../../aarch64-none-elf/lib/pic\libg.a(libc_a-getenv_r.o)
                0x000000000001cb20                _findenv_r
 *fill*         0x000000000001cc14        0xc 
 .text.__localeconv_l
                0x000000000001cc20        0x8 C:/devkitPro/devkitA64/bin/../lib/gcc/aarch64-none-elf/15.2.0/../../../../aarch64-none-elf/lib/pic\libg.a(libc_a-localeconv.o)
                0x000000000001cc20                __localeconv_l
 *fill*         0x000000000001cc28       0x18 
 .text._localeconv_r
                0x000000000001cc40       0x28 C:/devkitPro/devkitA64/bin/../lib/gcc/aarch64-none-elf/15.2.0/../../../../aarch64-none-elf/lib/pic\libg.a(libc_a-localeconv.o)
                0x000000000001cc40                _localeconv_r
 *fill*         0x000000000001cc68       0x18 
 .text._realloc_r
                0x000000000001cc80      0x568 C:/devkitPro/devkitA64/bin/../lib/gcc/aarch64-none-elf/15.2.0/../../../../aarch64-none-elf/lib/pic\libg.a(libc_a-reallocr.o)
                0x000000000001cc80                _realloc_r
 *fill*         0x000000000001d1e8       0x18 
 .text.__utf8_wctomb
                0x000000000001d200       0xe0 C:/devkitPro/devkitA64/bin/../lib/gcc/aarch64-none-elf/15.2.0/../../../../aarch64-none-elf/lib/pic\libg.a(libc_a-wctomb_r.o)
                0x000000000001d200                __utf8_wctomb
 .text._wcsnrtombs_l
                0x000000000001d2e0      0x188 C:/devkitPro/devkitA64/bin/../lib/gcc/aarch64-none-elf/15.2.0/../../../../aarch64-none-elf/lib/pic\libg.a(libc_a-wcsnrtombs.o)
                0x000000000001d2e0                _wcsnrtombs_l
 *fill*         0x000000000001d468       0x18 
 .text._wcsnrtombs_r
                0x000000000001d480       0x54 C:/devkitPro/devkitA64/bin/../lib/gcc/aarch64-none-elf/15.2.0/../../../../aarch64-none-elf/lib/pic\libg.a(libc_a-wcsnrtombs.o)
                0x000000000001d480                _wcsnrtombs_r
 *fill*         0x000000000001d4d4       0x2c 
 .text          0x000000000001d500       0xdc C:/devkitPro/devkitA64/bin/../lib/gcc/aarch64-none-elf/15.2.0/../../../../aarch64-none-elf/lib/pic\libg.a(libc_a-memchr.o)
                0x000000000001d500                memchr
 *fill*         0x000000000001d5dc        0x4 
 .text.frexp    0x000000000001d5e0       0x7c C:/devkitPro/devkitA64/bin/../lib/gcc/aarch64-none-elf/15.2.0/../../../../aarch64-none-elf/lib/pic\libg.a(libm_a-s_frexp.o)
                0x000000000001d5e0                frexp
 *fill*         0x000000000001d65c       0x24 
 .text          0x000000000001d680       0xcc C:/devkitPro/devkitA64/bin/../lib/gcc/aarch64-none-elf/15.2.0/../../../../aarch64-none-elf/lib/pic\libg.a(libc_a-strchr.o)
                0x000000000001d680                strchr
 *fill*         0x000000000001d74c       0x14 
 .text.__env_lock
                0x000000000001d760        0xc C:/devkitPro/devkitA64/bin/../lib/gcc/aarch64-none-elf/15.2.0/../../../../aarch64-none-elf/lib/pic\libg.a(libc_a-envlock.o)
                0x000000000001d760                __env_lock
 *fill*         0x000000000001d76c       0x14 
 .text.__env_unlock
                0x000000000001d780        0xc C:/devkitPro/devkitA64/bin/../lib/gcc/aarch64-none-elf/15.2.0/../../../../aarch64-none-elf/lib/pic\libg.a(libc_a-envlock.o)
                0x000000000001d780                __env_unlock
 *fill*         0x000000000001d78c       0x14 
 .text.__assert_func
                0x000000000001d7a0       0x64 C:/devkitPro/devkitA64/bin/../lib/gcc/aarch64-none-elf/15.2.0/../../../../aarch64-none-elf/lib/pic\libg.a(libc_a-assert.o)
                0x000000000001d7a0                __assert_func
 *fill*         0x000000000001d804       0x1c 
 .text._Balloc  0x000000000001d820       0xa4 C:/devkitPro/devkitA64/bin/../lib/gcc/aarch64-none-elf/15.2.0/../../../../aarch64-none-elf/lib/pic\libg.a(libc_a-mprec.o)
                0x000000000001d820                _Balloc
 *fill*         0x000000000001d8c4       0x1c 
 .text._Bfree   0x000000000001d8e0       0x20 C:/devkitPro/devkitA64/bin/../lib/gcc/aarch64-none-elf/15.2.0/../../../../aarch64-none-elf/lib/pic\libg.a(libc_a-mprec.o)
                0x000000000001d8e0                _Bfree
 .text.__multadd
                0x000000000001d900      0x118 C:/devkitPro/devkitA64/bin/../lib/gcc/aarch64-none-elf/15.2.0/../../../../aarch64-none-elf/lib/pic\libg.a(libc_a-mprec.o)
                0x000000000001d900                __multadd
 *fill*         0x000000000001da18        0x8 
 .text.__hi0bits
                0x000000000001da20       0x94 C:/devkitPro/devkitA64/bin/../lib/gcc/aarch64-none-elf/15.2.0/../../../../aarch64-none-elf/lib/pic\libg.a(libc_a-mprec.o)
                0x000000000001da20                __hi0bits
 *fill*         0x000000000001dab4        0xc 
 .text.__lo0bits
                0x000000000001dac0      0x100 C:/devkitPro/devkitA64/bin/../lib/gcc/aarch64-none-elf/15.2.0/../../../../aarch64-none-elf/lib/pic\libg.a(libc_a-mprec.o)
                0x000000000001dac0                __lo0bits
 .text.__i2b    0x000000000001dbc0       0x4c C:/devkitPro/devkitA64/bin/../lib/gcc/aarch64-none-elf/15.2.0/../../../../aarch64-none-elf/lib/pic\libg.a(libc_a-mprec.o)
                0x000000000001dbc0                __i2b
 *fill*         0x000000000001dc0c       0x14 
 .text.__multiply
                0x000000000001dc20      0x210 C:/devkitPro/devkitA64/bin/../lib/gcc/aarch64-none-elf/15.2.0/../../../../aarch64-none-elf/lib/pic\libg.a(libc_a-mprec.o)
                0x000000000001dc20                __multiply
 *fill*         0x000000000001de30       0x10 
 .text.__pow5mult
                0x000000000001de40      0x104 C:/devkitPro/devkitA64/bin/../lib/gcc/aarch64-none-elf/15.2.0/../../../../aarch64-none-elf/lib/pic\libg.a(libc_a-mprec.o)
                0x000000000001de40                __pow5mult
 *fill*         0x000000000001df44       0x1c 
 .text.__lshift
                0x000000000001df60      0x174 C:/devkitPro/devkitA64/bin/../lib/gcc/aarch64-none-elf/15.2.0/../../../../aarch64-none-elf/lib/pic\libg.a(libc_a-mprec.o)
                0x000000000001df60                __lshift
 *fill*         0x000000000001e0d4        0xc 
 .text.__mcmp   0x000000000001e0e0       0x50 C:/devkitPro/devkitA64/bin/../lib/gcc/aarch64-none-elf/15.2.0/../../../../aarch64-none-elf/lib/pic\libg.a(libc_a-mprec.o)
                0x000000000001e0e0                __mcmp
 *fill*         0x000000000001e130       0x10 
 .text.__mdiff  0x000000000001e140      0x1c4 C:/devkitPro/devkitA64/bin/../lib/gcc/aarch64-none-elf/15.2.0/../../../../aarch64-none-elf/lib/pic\libg.a(libc_a-mprec.o)
                0x000000000001e140                __mdiff
 *fill*         0x000000000001e304       0x1c 
 .text.__d2b    0x000000000001e320      0x14c C:/devkitPro/devkitA64/bin/../lib/gcc/aarch64-none-elf/15.2.0/../../../../aarch64-none-elf/lib/pic\libg.a(libc_a-mprec.o)
                0x000000000001e320                __d2b
 *fill*         0x000000000001e46c       0x14 
 .text.__utf8_mbtowc
                0x000000000001e480      0x2dc C:/devkitPro/devkitA64/bin/../lib/gcc/aarch64-none-elf/15.2.0/../../../../aarch64-none-elf/lib/pic\libg.a(libc_a-mbtowc_r.o)
                0x000000000001e480                __utf8_mbtowc
 *fill*         0x000000000001e75c        0x4 
 .text.fiprintf