0000000000000000 a __start__
0000000000000000 T _start
0000000000000000 b _TLS_MODULE_BASE_
0000000000000000 0000000000000004 b fsdev_last_result
0000000000000008 0000000000000401 B __nx_dev_path_buf
00000000000000e0 T __nx_exit
00000000000000f0 T __nx_mod0
0000000000000140 0000000000000034 T exit
0000000000000180 0000000000000cc0 T main
000000000000040c 0000000000000004 b g_fsPriority
0000000000000e40 t __do_global_dtors_aux
0000000000000ea0 t frame_dummy
0000000000000ed0 0000000000000090 t clamp_params
0000000000000f60 0000000000000154 t print_param_line
00000000000010c0 0000000000000020 t send_vibration_checked.isra.0
00000000000010e0 0000000000000148 t send_side_vibration.isra.0
0000000000001230 0000000000000018 t _appletInfiniteSleepLoop
0000000000001250 0000000000000108 t _appletCmdGetSession
0000000000001360 00000000000000cc t _appletCmdInU8NoOut
0000000000001430 00000000000000cc t _appletCmdInU32NoOut
0000000000001500 000000000000012c t _appletGetSessionProxy.constprop.0
0000000000001630 0000000000000148 t _appletOpenLibraryAppletProxy.constprop.0
0000000000001780 00000000000000f8 t _appletCmdGetEvent
0000000000001880 00000000000000d4 t _appletCmdNoInOutU8.isra.0
0000000000001960 00000000000000d4 t _appletCmdNoInOutU32.isra.0
0000000000001a40 00000000000000d4 t _appletCmdNoInOutU64.isra.0
0000000000001b20 00000000000000c0 t _appletCmdNoIO.isra.0
0000000000001be0 0000000000000010 T appletGetAppletType
0000000000001bf0 00000000000001b8 T appletSetFocusHandlingMode
0000000000001db0 000000000000005c T appletSetCpuBoostMode
0000000000001e10 000000000000002c T appletCreateManagedDisplayLayer
0000000000001e40 000000000000000c T appletGetAppletResourceUserId
0000000000001e50 0000000000000138 t _appletHolderCreateState
0000000000001f90 00000000000000b0 T appletHolderClose
0000000000002040 0000000000000024 T appletHolderGetLibraryAppletInfo
0000000000002070 0000000000000090 T appletNotifyRunning
0000000000002100 0000000000000078 T appletSetGamePlayRecordingState
0000000000002180 0000000000000ad4 t _appletCleanup
0000000000002c60 0000000000000048 T appletExit
0000000000002cb0 0000000000000040 T appletGetLibraryAppletInfo
0000000000002cf0 0000000000000c14 T appletInitialize
0000000000003910 0000000000000024 t _appletExitProcess
0000000000003940 0000000000000074 T appletGetMessage
00000000000039c0 0000000000000264 T appletProcessMessage
0000000000003c30 0000000000000034 T appletMainLoop
0000000000003c70 000000000000012c t _hidCleanup
0000000000003da0 00000000000000d4 t _hidCmdInAruidNoOut
0000000000003e80 00000000000000e0 t _hidCmdInU32AruidNoOut
0000000000003f60 0000000000000194 t _hidGetStates
0000000000004100 00000000000000c0 t _hidCmdInU64NoOut.constprop.0
00000000000041c0 000000000000026c T hidInitialize
0000000000004430 0000000000000048 T hidExit
0000000000004480 000000000000000c T hidGetSharedmemAddr
0000000000004490 0000000000000090 T hidGetNpadStyleSet
0000000000004520 0000000000000084 T hidInitializeNpad
00000000000045b0 00000000000000a4 T hidGetNpadStatesFullKey
0000000000004660 00000000000000a4 T hidGetNpadStatesHandheld
0000000000004710 00000000000000a4 T hidGetNpadStatesJoyDual
00000000000047c0 00000000000000a4 T hidGetNpadStatesJoyLeft
0000000000004870 00000000000000a4 T hidGetNpadStatesJoyRight
0000000000004920 0000000000000144 T hidGetNpadStatesGc
0000000000004a70 00000000000000a8 T hidGetNpadStatesSystemExt
0000000000004b20 0000000000000008 T hidSetSupportedNpadStyleSet
0000000000004b30 0000000000000100 T hidSetSupportedNpadIdType
0000000000004c30 000000000000040c T hidInitializeVibrationDevices
0000000000005040 00000000000000ec T hidSendVibrationValue
0000000000005130 0000000000000034 T hidBeginPermitVibrationSession
0000000000005170 00000000000000d4 T hidEndPermitVibrationSession
0000000000005250 0000000000000078 t _hiddbgCleanup
00000000000052d0 00000000000000a0 T hiddbgInitialize
0000000000005370 0000000000000048 T hiddbgExit
00000000000053c0 00000000000000cc t _smCmifCmdInPid
0000000000005490 0000000000000078 t _smCleanup
0000000000005510 0000000000000048 T smAddOverrideHandle
0000000000005560 0000000000000054 T smGetServiceOverride
00000000000055c0 00000000000001ac T smInitialize
0000000000005770 0000000000000048 T smExit
00000000000057c0 00000000000000d0 T smGetServiceOriginal
0000000000005890 0000000000000120 T smGetServiceWrapper
00000000000059b0 0000000000000004 W __libnx_alloc
00000000000059c0 0000000000000014 W __libnx_aligned_alloc
00000000000059e0 0000000000000004 W __libnx_free
00000000000059f0 000000000000001c W diagAbortWithResult
0000000000005a10 0000000000000208 T envSetup
0000000000005c20 0000000000000020 T envGetMainThreadHandle
0000000000005c40 000000000000000c T envIsNso
0000000000005c50 0000000000000014 T envHasHeapOverride
0000000000005c70 000000000000000c T envGetHeapOverrideAddr
0000000000005c80 000000000000000c T envGetHeapOverrideSize
0000000000005c90 0000000000000014 T envHasArgv
0000000000005cb0 000000000000000c T envGetArgv
0000000000005cc0 000000000000000c T envGetExitFuncPtr
0000000000005cd0 000000000000000c T envSetExitFuncPtr
0000000000005ce0 000000000000000c T envHasRandomSeed
0000000000005cf0 0000000000000010 T envGetRandomSeed
0000000000005d00 0000000000000014 T hosversionGet
0000000000005d20 0000000000000010 T hosversionSet
0000000000005d30 000000000000009c T padConfigureInput
0000000000005dd0 0000000000000024 T padInitializeWithMask
0000000000005e00 000000000000029c T padUpdate
00000000000060a0 0000000000000050 t consoleDrawChar
00000000000060f0 00000000000000b8 t consoleNewRow
00000000000061b0 0000000000000194 t consolePrintChar.part.0
0000000000006350 0000000000000df8 t con_write
0000000000007150 0000000000000160 T consoleInit
00000000000072b0 0000000000000044 T consoleExit
0000000000007300 000000000000002c T consoleUpdate
0000000000007330 0000000000000098 T consoleClear
00000000000073d0 0000000000000058 T consoleSetWindow
0000000000007430 00000000000001bc t ConsoleSwRenderer_drawChar
00000000000075f0 00000000000000e8 t ConsoleSwRenderer_init
00000000000076e0 0000000000000078 t ConsoleSwRenderer_flushAndSwap
0000000000007760 00000000000000dc t ConsoleSwRenderer_scrollWindow
0000000000007840 0000000000000050 t ConsoleSwRenderer_deinit
0000000000007890 000000000000000c W getDefaultConsoleRenderer
000000000000789c T svcSetHeapSize
00000000000078b0 T svcSetMemoryPermission
00000000000078b8 T svcSetMemoryAttribute
00000000000078c0 T svcUnmapMemory
00000000000078c8 T svcQueryMemory
00000000000078dc T svcExitProcess
00000000000078e4 T svcSleepThread
00000000000078ec T svcMapSharedMemory
00000000000078f4 T svcUnmapSharedMemory
00000000000078fc T svcCreateTransferMemory
0000000000007910 T svcCloseHandle
0000000000007918 T svcResetSignal
0000000000007920 T svcWaitSynchronization
0000000000007934 T svcArbitrateLock
000000000000793c T svcArbitrateUnlock
0000000000007944 T svcWaitProcessWideKeyAtomic
000000000000794c T svcSignalProcessWideKey
0000000000007954 T svcConnectToNamedPort
0000000000007968 T svcSendSyncRequest
0000000000007970 T svcBreak
0000000000007978 T svcReturnFromException
0000000000007980 T svcGetInfo
0000000000007994 T svcUnmapTransferMemory
00000000000079a0 000000000000000c T eventLoadRemote
00000000000079b0 0000000000000034 T eventWait
00000000000079f0 0000000000000054 T eventClose
0000000000007a50 00000000000000c8 T mutexLock
0000000000007b20 0000000000000068 T mutexUnlock
0000000000007b90 000000000000001c T mutexIsLockedByCurrentThread
0000000000007bb0 0000000000000050 T rmutexLock
0000000000007c00 0000000000000018 T rmutexUnlock
0000000000007c20 0000000000000014 T shmemLoadRemote
0000000000007c40 0000000000000070 T shmemMap
0000000000007cb0 0000000000000034 T shmemUnmap
0000000000007cf0 000000000000004c T shmemClose
0000000000007d40 00000000000000a8 T tmemCreate
0000000000007df0 0000000000000034 T tmemUnmap
0000000000007e30 0000000000000030 T tmemCloseHandle
0000000000007e60 000000000000009c T tmemWaitForPermission
0000000000007f00 0000000000000050 T tmemClose
0000000000007f50 0000000000000064 t _memregionInitWithInfo
0000000000007fc0 0000000000000004 W __libnx_virtmem_rng
0000000000007fd0 0000000000000164 t _memregionFindRandom
0000000000008140 0000000000000140 T virtmemSetup
0000000000008280 000000000000000c T virtmemLock
0000000000008290 000000000000000c T virtmemUnlock
00000000000082a0 0000000000000050 T virtmemFindAslr
00000000000082f0 000000000000057c T waitObjects
0000000000008870 00000000000000d4 t _apmCleanup
0000000000008950 0000000000000194 T apmInitialize
0000000000008af0 0000000000000048 T apmExit
0000000000008b40 00000000000000c8 T apmSetPerformanceConfiguration
0000000000008c10 000000000000000c T nwindowGetDefault
0000000000008c20 00000000000000a4 T __nx_win_init
0000000000008cd0 0000000000000034 T __nx_win_exit
0000000000008d10 000000000000008c T framebufferMakeLinear
0000000000008da0 0000000000000084 T framebufferClose
0000000000008e30 0000000000000290 T framebufferCreate
00000000000090c0 000000000000007c T framebufferBegin
0000000000009140 0000000000000198 T framebufferEnd
00000000000092e0 0000000000000024 T nwindowIsValid
0000000000009310 000000000000007c T nwindowClose
0000000000009390 00000000000000f8 T nwindowCreate
0000000000009490 0000000000000038 T nwindowCreateFromLayer
00000000000094d0 0000000000000084 T nwindowSetDimensions
0000000000009560 0000000000000180 T nwindowConfigureBuffer
00000000000096e0 00000000000001cc T nwindowDequeueBuffer
00000000000098b0 000000000000012c T nwindowQueueBuffer
00000000000099e0 00000000000000bc T nwindowReleaseBuffers
0000000000009aa0 0000000000000314 W argvSetup
0000000000009dc0 00000000000001fc T __nx_dynamic
0000000000009fc0 00000000000000d0 W __libnx_initheap
000000000000a090 00000000000000ec W __appInit
000000000000a180 0000000000000044 W __appExit
000000000000a1d0 000000000000002c W __libnx_init
000000000000a200 000000000000001c W __libnx_exit
000000000000a220 000000000000001c T __syscall_exit
000000000000a240 0000000000000034 T __syscall_getreent
000000000000a280 0000000000000004 T __syscall_lock_acquire
000000000000a290 0000000000000004 T __syscall_lock_release
000000000000a2a0 0000000000000004 T __syscall_lock_acquire_recursive
000000000000a2b0 0000000000000004 T __syscall_lock_release_recursive
000000000000a2c0 000000000000025c T __libnx_init_time
000000000000a520 0000000000000098 T newlibSetup
000000000000a5c0 00000000000000e8 T nxlinkSetup
000000000000a6b0 0000000000000010 t fsdev_link
000000000000a6c0 0000000000000010 t fsdev_dirreset
000000000000a6d0 0000000000000010 t fsdev_chmod
000000000000a6e0 0000000000000018 t error_cmp
000000000000a700 0000000000000020 t fsdev_dirclose
000000000000a720 000000000000001c t fsdev_close
000000000000a740 0000000000000074 t fsdev_converttimetoutc
000000000000a7c0 00000000000000f8 t fsdevFindDevice.part.0
000000000000a8c0 00000000000001cc t fsdev_fixpath
000000000000aa90 000000000000009c t _fsdevUnmountDeviceStruct.part.0
000000000000ab30 0000000000000010 t fsdev_fchmod
000000000000ab40 0000000000000100 t fsdev_diropen
000000000000ac40 00000000000000f8 t fsdev_statvfs
000000000000ad40 000000000000007c t fsdev_fsync
000000000000adc0 00000000000000ec t fsdev_fstat
000000000000aeb0 0000000000000094 t fsdev_ftruncate
000000000000af50 00000000000001d8 t fsdev_stat
000000000000b130 000000000000014c t fsdev_rename
000000000000b280 000000000000013c t fsdev_chdir
000000000000b3c0 00000000000000a4 t fsdev_rmdir
000000000000b470 00000000000000a4 t fsdev_mkdir
000000000000b520 00000000000000a4 t fsdev_unlink
000000000000b5d0 000000000000013c t fsdev_write_safe
000000000000b710 0000000000000134 t fsdev_read_safe
000000000000b850 0000000000000100 t fsdev_read
000000000000b950 00000000000001d4 t fsdev_dirnext
000000000000bb30 0000000000000124 t fsdev_write
000000000000bc60 0000000000000110 t fsdev_seek
000000000000bd70 0000000000000230 t fsdev_open
000000000000bfa0 0000000000000324 T fsdevMountDevice
000000000000c2d0 0000000000000040 T fsdevMountSdmc
000000000000c310 00000000000000bc T __libnx_init_cwd
000000000000c3d0 0000000000000064 T fsdevUnmountAll
000000000000c440 0000000000000128 T decode_utf8
000000000000c568 T armDCacheFlush
000000000000c598 t armDCacheFlush_L0
000000000000c5b4 W __libnx_exception_entry
000000000000c640 t __libnx_exception_entry_start
000000000000c768 t __libnx_exception_entry_abort
000000000000c76c t __libnx_exception_entry_end
000000000000c774 T __libnx_exception_returnentry
000000000000c78c T __aarch64_read_tp
000000000000c7a0 0000000000000070 T condvarWaitTimeout
000000000000c810 0000000000000410 T randomGet
000000000000cc20 0000000000000020 T randomGet64
000000000000cc40 00000000000000b0 T __libnx_init_thread
000000000000ccf0 00000000000000b4 t _fsCleanup
000000000000cdb0 00000000000001c0 t _fsCmdNoIO
000000000000cf70 00000000000001e0 t _fsFsCmdWithInPath
000000000000d150 00000000000001f8 t _fsFsCmdWithTwoInPaths
000000000000d350 000000000000028c t _fsFsOpenCommon
000000000000d5e0 00000000000001fc t _fsFsCmdWithInPathAndOutU64
000000000000d7e0 00000000000000f8 t _fsObjectClose
000000000000d8e0 000000000000017c t _fsCmdGetSession.constprop.0
000000000000da60 00000000000002f8 T fsInitialize
000000000000dd60 0000000000000048 T fsExit
000000000000ddb0 0000000000000008 T fsOpenSdCardFileSystem
000000000000ddc0 00000000000001ec T fsFsCreateFile
000000000000dfb0 0000000000000008 T fsFsDeleteFile
000000000000dfc0 0000000000000008 T fsFsCreateDirectory
000000000000dfd0 0000000000000008 T fsFsDeleteDirectory
000000000000dfe0 0000000000000008 T fsFsRenameFile
000000000000dff0 0000000000000008 T fsFsRenameDirectory
000000000000e000 00000000000001f0 T fsFsGetEntryType
000000000000e1f0 0000000000000008 T fsFsOpenFile
000000000000e200 0000000000000008 T fsFsOpenDirectory
000000000000e210 0000000000000008 T fsFsGetFreeSpace
000000000000e220 0000000000000008 T fsFsGetTotalSpace
000000000000e230 0000000000000230 T fsFsGetFileTimeStampRaw
000000000000e460 0000000000000004 T fsFsClose
000000000000e470 0000000000000214 T fsFileRead
000000000000e690 00000000000001f8 T fsFileWrite
000000000000e890 0000000000000008 T fsFileFlush
000000000000e8a0 00000000000001c0 T fsFileSetSize
000000000000e8a0 00000000000001c0 t fsFileSetSize.localalias
000000000000ea60 00000000000001d4 T fsFileGetSize
000000000000ea60 00000000000001d4 t fsFileGetSize.localalias
000000000000ec40 0000000000000004 T fsFileClose
000000000000ec50 0000000000000004 T fsDirClose
000000000000ec60 0000000000000204 T fsDirRead
000000000000ee70 00000000000000d0 t _nvCleanup
000000000000ef40 00000000000000d4 t _nvCmdInitialize.constprop.0
000000000000f020 0000000000000018 W __nx_nv_create_tmem
000000000000f040 00000000000003a8 T nvInitialize
000000000000f3f0 0000000000000048 T nvExit
000000000000f440 00000000000000f4 T nvConvertError
000000000000f540 0000000000000114 T nvOpen
000000000000f660 0000000000000310 T nvIoctl
000000000000f970 00000000000000d4 T nvClose
000000000000fa50 000000000000010c T nvQueryEvent
000000000000fb60 00000000000000d0 t _setsysGetFirmwareVersionImpl
000000000000fc30 0000000000000078 t _setsysCleanup
000000000000fcb0 00000000000000a0 T setsysInitialize
000000000000fd50 0000000000000048 T setsysExit
000000000000fda0 0000000000000048 T setsysGetFirmwareVersion
000000000000fdf0 000000000000027c t _timeCleanup
0000000000010070 0000000000000100 t _timeCmdGetSession.constprop.0
0000000000010170 0000000000000104 t _timeReadClockFromSharedMem
0000000000010280 0000000000000300 T timeInitialize
0000000000010580 0000000000000048 T timeExit
00000000000105d0 0000000000000038 T timeGetServiceSession_SystemClock
0000000000010610 00000000000000fc T timeGetCurrentTime
0000000000010710 0000000000000108 T timeToCalendarTimeWithMyRule
0000000000010820 0000000000000114 T timeToPosixTimeWithMyRule
0000000000010940 0000000000000230 t _viCleanup
0000000000010b70 0000000000000100 t _viCmdGetSessionNoParams.constprop.0
0000000000010c70 0000000000000368 T viInitialize
0000000000010fe0 0000000000000048 T viExit
0000000000011030 000000000000000c T viGetSession_IHOSBinderDriverRelay
0000000000011040 000000000000010c T viOpenDisplay
0000000000011150 00000000000000ec T viCloseDisplay
0000000000011240 00000000000000f4 T viCloseLayer
0000000000011340 0000000000000394 T viCreateLayer
00000000000116e0 00000000000000d8 T viSetLayerScalingMode
00000000000117c0 0000000000000074 t _nvFenceCleanup
0000000000011840 0000000000000098 T nvFenceInit
00000000000118e0 0000000000000048 T nvFenceExit
0000000000011930 0000000000000290 T nvFenceWait
0000000000011bc0 000000000000007c T nvMultiFenceWait
0000000000011c40 00000000000000ac T nvMapInit
0000000000011cf0 0000000000000074 T nvMapExit
0000000000011d70 000000000000008c T nvMapClose
0000000000011e00 0000000000000160 T nvMapCreate
0000000000011f60 0000000000000024 T nvioctlNvhostCtrl_EventSignal
0000000000011f90 000000000000003c T nvioctlNvhostCtrl_EventWait
0000000000011fd0 0000000000000028 T nvioctlNvhostCtrl_EventWaitAsync
0000000000012000 0000000000000024 T nvioctlNvhostCtrl_EventRegister
0000000000012030 0000000000000024 T nvioctlNvhostCtrl_EventUnregister
0000000000012060 000000000000003c T nvioctlNvmap_Create
00000000000120a0 0000000000000030 T nvioctlNvmap_Alloc
00000000000120d0 0000000000000030 T nvioctlNvmap_Free
0000000000012100 000000000000003c T nvioctlNvmap_GetId
0000000000012140 000000000000001c T binderCreate
0000000000012160 000000000000035c T binderTransactParcel
00000000000124c0 00000000000000e8 T binderConvertErrorCode
00000000000125b0 0000000000000124 T binderAdjustRefcount
00000000000126e0 000000000000009c T binderInitSession
0000000000012780 000000000000005c T binderClose
00000000000127e0 0000000000000154 T binderGetNativeHandle
0000000000012940 00000000000000c8 T bqRequestBuffer
0000000000012a10 0000000000000128 T bqDequeueBuffer
0000000000012b40 00000000000000c8 T bqQueueBuffer
0000000000012c10 0000000000000084 T bqCancelBuffer
0000000000012ca0 00000000000000d0 T bqConnect
0000000000012d70 0000000000000088 T bqDisconnect
0000000000012e00 0000000000000194 T bqSetPreallocatedBuffer
0000000000012fa0 0000000000000030 T parcelCreate
0000000000012fd0 0000000000000174 T parcelTransact
0000000000013150 0000000000000080 T parcelWriteData
00000000000131d0 0000000000000088 T parcelReadData
0000000000013260 0000000000000020 T parcelWriteInt32
0000000000013280 0000000000000020 T parcelWriteUInt32
00000000000132a0 000000000000007c T parcelWriteString16
0000000000013320 0000000000000030 T parcelWriteInterfaceToken
0000000000013350 0000000000000024 T parcelReadInt32
0000000000013380 0000000000000068 T parcelReadFlattenedObject
00000000000133f0 0000000000000044 T parcelWriteFlattenedObject
0000000000013440 0000000000000184 T sessionmgrCreate
00000000000135d0 0000000000000084 T sessionmgrClose
0000000000013660 00000000000000a8 T sessionmgrAttachClient
0000000000013710 0000000000000060 T sessionmgrDetachClient
0000000000013780 00000000000000c4 T strncat
0000000000013880 00000000000000b8 T strnlen
0000000000013940 00000000000000b4 T bsearch
0000000000013a00 000000000000022c T memcpy
0000000000013a00 T memmove
0000000000013c40 0000000000000028 T gmtime
0000000000013c80 0000000000000104 T memset
0000000000013da0 0000000000000080 T printf
0000000000013e20 00000000000001a4 t _strtoul_l.isra.0
0000000000013fe0 0000000000000040 T strtoul
0000000000014020 000000000000002c T aligned_alloc
0000000000014060 000000000000018c T _memalign_r
0000000000014200 0000000000000014 T __errno
0000000000014240 0000000000000130 T strlen
0000000000014380 00000000000001b4 T strncmp
0000000000014540 0000000000000840 T _malloc_r
0000000000014d80 000000000000011c T _malloc_trim_r
0000000000014ea0 00000000000002d8 T _free_r
0000000000015180 0000000000000278 T setvbuf
0000000000015400 000000000000001c t stdio_exit_handler
0000000000015420 000000000000006c t cleanup_stdio
00000000000154a0 0000000000000128 t global_stdio_init.part.0
00000000000155e0 000000000000000c T __sfp_lock_acquire
0000000000015600 000000000000000c T __sfp_lock_release
0000000000015620 0000000000000054 T __sinit
0000000000015680 00000000000000a4 T __libc_init_array
0000000000015740 00000000000000ac T strncpy
0000000000015800 0000000000000038 T malloc
0000000000015840 000000000000001c T free
0000000000015860 00000000000000d4 T _puts_r
0000000000015940 000000000000001c T puts
0000000000015960 000000000000004c T __sread
00000000000159c0 0000000000000070 T __swrite
0000000000015a40 0000000000000050 T __sseek
0000000000015aa0 0000000000000008 T __sclose
0000000000015ac0 000000000000000c T __malloc_lock
0000000000015ae0 000000000000000c T __malloc_unlock
0000000000015b00 0000000000000130 T _fclose_r
0000000000015c40 0000000000000020 T putchar
0000000000015c60 0000000000000034 T setenv
0000000000015ca0 0000000000000004 W __call_exitprocs
0000000000015cc0 0000000000000134 T strcmp
0000000000015e00 0000000000000044 T __libc_fini_array
0000000000015e60 00000000000002a0 T gmtime_r
0000000000016100 0000000000000258 T _setenv_r
0000000000016360 0000000000000098 T _fwalk_sglue
00000000000163f8 0000000000000790 t get_arg
0000000000016b88 0000000000003bd4 T _vfprintf_r
000000000001a75c 00000000000000cc t __sbprintf
000000000001a840 00000000000000d0 T _wcrtomb_r
000000000001a920 00000000000004a4 T __sfvwrite_r
000000000001ade0 00000000000000b0 T __swhatbuf_r
000000000001aea0 00000000000000e8 T __smakebuf_r
000000000001afa0 000000000000002c T __locale_mb_cur_max
000000000001afe0 00000000000001ec T __sflush_r
000000000001b1e0 00000000000000bc T _fflush_r
000000000001b2a0 0000000000000038 T __sprint_r
000000000001b2e0 00000000000000e4 T _putc_r
000000000001b3e0 00000000000001a4 t quorem
000000000001b5a0 00000000000012f0 T _dtoa_r
000000000001c8a0 0000000000000118 T __swbuf_r
000000000001c9c0 0000000000000010 T _wcsrtombs_r
000000000001c9e0 000000000000012c T __swsetup_r
000000000001cb20 00000000000000f4 T _findenv_r
000000000001cc20 0000000000000008 T __localeconv_l
000000000001cc40 0000000000000028 T _localeconv_r
000000000001cc80 0000000000000568 T _realloc_r
000000000001d200 00000000000000e0 T __utf8_wctomb
000000000001d2e0 0000000000000188 T _wcsnrtombs_l
000000000001d480 0000000000000054 T _wcsnrtombs_r
000000000001d500 00000000000000dc T memchr
000000000001d5e0 000000000000007c T frexp
000000000001d680 00000000000000cc T strchr
000000000001d760 000000000000000c T __env_lock
000000000001d780 000000000000000c T __env_unlock
000000000001d7a0 0000000000000064 T __assert_func
000000000001d820 00000000000000a4 T _Balloc
000000000001d8e0 0000000000000020 T _Bfree
000000000001d900 0000000000000118 T __multadd
000000000001da20 0000000000000094 T __hi0bits
000000000001dac0 0000000000000100 T __lo0bits
000000000001dbc0 000000000000004c T __i2b
000000000001dc20 0000000000000210 T __multiply
000000000001de40 0000000000000104 T __pow5mult
000000000001df60 0000000000000174 T __lshift
000000000001e0e0 0000000000000050 T __mcmp
000000000001e140 00000000000001c4 T __mdiff
000000000001e320 000000000000014c T __d2b
000000000001e480 00000000000002dc T __utf8_mbtowc
000000000001e760 0000000000000080 T fiprintf
000000000001e7e0 0000000000000018 T abort
000000000001e800 00000000000000bc T _calloc_r
000000000001e8bc 0000000000000790 t get_arg
000000000001f04c 0000000000002964 T _vfiprintf_r
00000000000219b0 00000000000000cc t __sbprintf
0000000000021a80 000000000000009c T _raise_r
0000000000021b20 000000000000001c T raise
0000000000021b40 0000000000000020 T _exit
0000000000021b60 000000000000016c T chdir
0000000000021ce0 0000000000000218 T _concatenate_path
0000000000021f00 000000000000009c T _fstat_r
0000000000021fa0 0000000000000010 T _getpid_r
0000000000021fc0 0000000000000020 T __getreent
0000000000021fe0 0000000000000060 T __get_handle
0000000000022040 00000000000000f4 T _close_r
0000000000022140 0000000000000008 t null_write
0000000000022160 0000000000000018 T setDefaultDevice
0000000000022180 00000000000000b8 T FindDevice
0000000000022240 000000000000002c T RemoveDevice
0000000000022280 00000000000000a4 T AddDevice
0000000000022340 0000000000000034 T GetDeviceOpTab
0000000000022380 0000000000000008 T _isatty_r
00000000000223a0 0000000000000010 T _kill_r
00000000000223c0 00000000000000a0 T _lseek_r
0000000000022460 00000000000000b0 T _read_r
0000000000022520 0000000000000078 W _sbrk_r
00000000000225a0 0000000000000014 T __libc_lock_acquire
00000000000225c0 0000000000000014 T __libc_lock_release
00000000000225e0 0000000000000014 T __libc_lock_acquire_recursive
0000000000022600 0000000000000014 T __libc_lock_release_recursive
0000000000022620 00000000000000b0 T _write_r
00000000000226e0 0000000000000380 t __trunctfdf2
0000000000022a60 0000000000000070 t __sfp_handle_exceptions
0000000000022b00 0000000000000104 T strrchr
0000000000022c08 T _init
0000000000022c40 T _fini
00000000000236f0 000000000000000c r ids.0
00000000000236f0 000000000000000c r ids.1
0000000000023700 0000000000000014 r CSWTCH.1000
0000000000023890 0000000000000018 r grayScale
00000000000238a8 0000000000000006 r colorCube
00000000000238b0 0000000000000030 r colorTable
00000000000238e0 R default_font_bin
00000000000258e0 R default_font_bin_end
00000000000258e0 0000000000000038 r g_nvColorFmtTable
0000000000025918 0000000000000024 r s_emptyFence.0
0000000000025940 0000000000000020 r error_table
00000000000259c0 0000000000000023 r g_bq_InterfaceDescriptor
00000000000259e8 0000000000000101 R _ctype_
0000000000025c20 0000000000000010 r zeroes.0
0000000000025c30 0000000000000010 r blanks.1
0000000000025c40 000000000000006c R __action_table
0000000000025cb0 000000000000006c R __state_table
0000000000025d20 0000000000000100 R __chclass
0000000000025e38 000000000000000c r p05.0
0000000000025e48 0000000000000028 R __mprec_bigtens
0000000000025e70 00000000000000c8 R __mprec_tens
0000000000026030 0000000000000010 r zeroes.0
0000000000026040 0000000000000010 r blanks.1
0000000000026050 r __tls_align
0000000000026058 r __EH_FRAME_BEGIN__
0000000000026058 r __eh_frame_hdr_end
0000000000026058 r __eh_frame_hdr_start
000000000002adfc r __FRAME_END__
000000000002b000 d __frame_dummy_init_array_entry
000000000002b000 d __init_array_start
000000000002b000 d __preinit_array_end
000000000002b000 d __preinit_array_start
000000000002b000 d __relro_start
000000000002b008 d __do_global_dtors_aux_fini_array_entry
000000000002b008 d __fini_array_start
000000000002b008 d __init_array_end
000000000002b010 d __fini_array_end
000000000002b010 0000000000000100 d dotab_stdout
000000000002b110 0000000000000100 d fsdev_devoptab
000000000002b210 0000000000000100 D dotab_stdnull
000000000002b310 a _DYNAMIC
000000000002b460 d __got_start__
000000000002b460 a _GLOBAL_OFFSET_TABLE_
000000000002b6d8 d __got_end__
000000000002c000 d __data_start
000000000002c000 0000000000000008 V __nx_applet_init_timeout
000000000002c008 0000000000000001 V __nx_applet_auto_notifyrunning
000000000002c00c 0000000000000004 V __nx_applet_type
000000000002c010 0000000000000008 d currentConsole
000000000002c018 0000000000000050 d defaultConsole
000000000002c068 0000000000000088 d s_consoleSwRenderer
000000000002c0f0 0000000000000008 V __nx_exception_stack_size
000000000002c0f8 0000000000000001 V __nx_fsdev_support_cwd
000000000002c0fc 0000000000000004 V __nx_fsdev_direntry_cache_size
000000000002c100 0000000000000004 V __nx_fs_num_sessions
000000000002c104 0000000000000004 V __nx_nv_transfermem_size
000000000002c108 0000000000000004 V __nx_nv_service_type
000000000002c10c 0000000000000004 d g_viServiceType
000000000002c110 0000000000000004 V __nx_vi_stray_layer_flags
000000000002c114 0000000000000004 d g_ctrl_fd
000000000002c118 0000000000000004 d g_nvmap_fd
000000000002c120 0000000000000008 D _impure_ptr
000000000002c128 0000000000000240 D _impure_data
000000000002c368 0000000000000008 D __malloc_sbrk_base
000000000002c370 0000000000000008 D __malloc_trim_threshold
000000000002c378 0000000000000810 D __malloc_av_
000000000002cb88 0000000000000018 D __sglue
000000000002cba0 0000000000000008 D environ
000000000002cba8 0000000000000290 D __global_locale
000000000002ce40 0000000000000400 d _current_working_directory
000000000002d240 0000000000002000 d handles
000000000002f240 0000000000000010 d __stderr_handle
000000000002f250 0000000000000010 d __stdout_handle
000000000002f260 0000000000000010 d __stdin_handle
000000000002f270 0000000000000118 D devoptab_list
000000000002f388 0000000000000004 d defaultDevice
000000000002f390 b __bss_start__
000000000002f390 d __tdata_lma
000000000002f390 d __tdata_lma_end
000000000002f390 b completed.1
000000000002f398 b object.0
000000000002f3d0 0000000000000004 b g_last_vibe_error
000000000002f3d8 000000000000001c b g_vibe
000000000002f3f4 0000000000000001 b g_vibe_session_ok
000000000002f3f8 0000000000000038 b g_pad
000000000002f430 0000000000000001 b g_hiddbg_ok
000000000002f440 0000000000000030 b g_left
000000000002f470 0000000000000030 b g_right
000000000002f4a0 0000000000000008 b g_appletGuard
000000000002f4a8 0000000000000001 b g_appletInfoInitialized
000000000002f4b0 0000000000000050 b g_appletInfo
000000000002f500 0000000000000004 b g_appletCpuBoostMode
000000000002f508 000000000000000c b g_appletLibraryAppletLaunchableEvent
000000000002f514 0000000000000001 b g_appletSuspendedTickInitialized
000000000002f518 0000000000000008 b g_appletSuspendedTick
000000000002f520 0000000000000008 b g_appletInitTickBase
000000000002f528 000000000000000c b g_appletSuspendedTickEvent
000000000002f534 0000000000000001 b g_appletCopyrightInitialized
000000000002f538 0000000000000028 b g_appletCopyrightTmem
000000000002f560 0000000000000004 b g_appletRecordingInitialized
000000000002f568 0000000000000028 b g_appletRecordingTmem
000000000002f590 0000000000000018 b g_appletFirstHook
000000000002f5a8 0000000000000001 b g_appletNotifiedRunning
000000000002f5a9 0000000000000001 b g_appletFocusState
000000000002f5ac 0000000000000004 b g_appletPerformanceMode
000000000002f5b0 0000000000000001 b g_appletOperationMode
000000000002f5b8 0000000000000008 b g_appletResourceUserId
000000000002f5c0 000000000000000c b g_appletMessageEvent
000000000002f5d0 0000000000000010 b g_appletIDebugFunctions
000000000002f5e0 0000000000000010 b g_appletIDisplayController
000000000002f5f0 0000000000000010 b g_appletIAudioController
000000000002f600 0000000000000010 b g_appletIWindowController
000000000002f610 0000000000000010 b g_appletISelfController
000000000002f620 0000000000000010 b g_appletICommonStateGetter
000000000002f630 0000000000000010 b g_appletILibraryAppletCreator
000000000002f640 0000000000000010 b g_appletIProcessWindingController
000000000002f650 0000000000000010 b g_appletILibraryAppletSelfAccessor
000000000002f660 0000000000000010 b g_appletIApplicationCreator
000000000002f670 0000000000000010 b g_appletIGlobalStateController
000000000002f680 0000000000000010 b g_appletIFunctions
000000000002f690 0000000000000010 b g_appletIAppletCommonFunctions
000000000002f6a0 0000000000000004 b g_appletExitProcessResult
000000000002f6a4 0000000000000001 b g_appletExitProcessFlag
000000000002f6a5 0000000000000001 b g_appletLeftInitialized
000000000002f6a8 0000000000000010 b g_appletProxySession
000000000002f6b8 0000000000000010 b g_appletSrv
000000000002f6c8 0000000000000004 V __nx_applet_exit_mode
000000000002f6d0 0000000000000008 V __nx_applet_PerformanceConfiguration
000000000002f6d8 0000000000000080 V __nx_applet_AppletAttribute
000000000002f758 0000000000000008 b g_hidGuard
000000000002f760 0000000000000008 b g_sevenSixAxisSensorBuffer
000000000002f768 0000000000000004 b g_hidVibrationMutex
000000000002f770 0000000000000020 b g_hidSharedmem
000000000002f790 0000000000000010 b g_hidIActiveVibrationDeviceList
000000000002f7a0 0000000000000010 b g_hidIAppletResource
000000000002f7b0 0000000000000010 b g_hidSrv
000000000002f7c0 0000000000000008 b g_hiddbgGuard
000000000002f7c8 0000000000000010 b g_hiddbgSrv
000000000002f7d8 0000000000000008 b g_smGuard
000000000002f7e0 0000000000000008 b g_smOverridesNum
000000000002f7e8 0000000000000180 b g_smOverrides
000000000002f968 0000000000000010 b g_smSrv
000000000002f978 0000000000000008 b g_userIdStorage
000000000002f980 0000000000000010 b g_randomSeed
000000000002f990 0000000000000001 b g_hasRandomSeed
000000000002f994 0000000000000004 b g_lastLoadResult
000000000002f998 0000000000000008 b g_nextLoadArgv
000000000002f9a0 0000000000000008 b g_nextLoadPath
000000000002f9a8 0000000000000004 b g_processHandle
000000000002f9b0 0000000000000018 b g_syscallHints
000000000002f9c8 0000000000000008 b g_overrideArgv
000000000002f9d0 0000000000000008 b g_overrideHeapSize
000000000002f9d8 0000000000000008 b g_overrideHeapAddr
000000000002f9e0 0000000000000008 b g_loaderRetAddr
000000000002f9e8 0000000000000004 b g_mainThreadHandle
000000000002f9f0 0000000000000008 b g_loaderInfoSize
000000000002f9f8 0000000000000008 b g_loaderInfo
000000000002fa00 0000000000000001 b g_isNso
000000000002fa04 0000000000000004 b g_hosVersion
000000000002fa08 0000000000000001 b didFirstConsoleInit.0
000000000002fa10 0000000000000068 b escapeSeq
000000000002fa78 0000000000000050 b currentCopy
000000000002fac8 B __stack_top
000000000002fad0 0000000000000001 b g_IsLegacyKernel
000000000002fad8 0000000000000008 b g_Reservations
000000000002fae0 0000000000000010 b g_StackRegion
000000000002faf0 0000000000000010 b g_AslrRegion
000000000002fb00 0000000000000010 b g_HeapRegion
000000000002fb10 0000000000000010 b g_AliasRegion
000000000002fb20 0000000000000004 b g_VirtmemMutex
000000000002fb28 0000000000000008 b g_apmGuard
000000000002fb30 0000000000000010 b g_apmISession
000000000002fb40 0000000000000010 b g_apmSrv
000000000002fb50 0000000000000080 b g_defaultWin
000000000002fbd0 0000000000000010 b g_viLayer
000000000002fbe0 0000000000000050 b g_viDisplay
000000000002fc30 0000000000000008 b g_argv_empty
000000000002fc38 0000000000000008 B __system_argv
000000000002fc40 0000000000000004 B __system_argc
000000000002fc50 0000000000000340 B __nx_exceptiondump
000000000002ff90 0000000000000004 V __nx_exception_ignoredebug
000000000002ffa0 0000000000000400 V __nx_exception_stack
00000000000303a0 0000000000000008 V __nx_heap_size
00000000000303a8 0000000000000008 b __bootticks
00000000000303b0 0000000000000008 b __boottime
00000000000303b8 0000000000000004 V __nx_time_type
00000000000303c0 0000000000000004 B __nxlink_host
00000000000303d0 0000000000002800 b fsdev_fsdevices
0000000000032bd0 0000000000000004 b fsdev_fsdevice_cwd
0000000000032bd4 0000000000000001 b fsdev_initialised
0000000000032bd8 0000000000000004 b g_randMutex
0000000000032bdc 0000000000000001 b g_randInit
0000000000032be0 0000000000000040 b g_chacha
0000000000032c20 0000000000000038 b g_mainThread
0000000000032c58 0000000000000008 b g_threadList
0000000000032c60 0000000000000004 b g_threadMutex
0000000000032c68 0000000000000008 b g_fsGuard
0000000000032c70 0000000000000054 b g_fsSessionMgr
0000000000032cc8 0000000000000010 b g_fsSrv
0000000000032cd8 0000000000000008 b g_nvGuard
0000000000032ce0 0000000000000028 b g_nvTransfermem
0000000000032d08 0000000000000010 b g_nvSrvClone
0000000000032d18 0000000000000010 b g_nvSrv
0000000000032d28 0000000000000008 b g_setsysGuard
0000000000032d30 0000000000000010 b g_setsysSrv
0000000000032d40 0000000000000008 b g_timeGuard
0000000000032d48 0000000000000020 b g_timeSharedmem
0000000000032d68 0000000000000010 b g_timeLocalSystemClock
0000000000032d78 0000000000000010 b g_timeTimeZoneService
0000000000032d88 0000000000000010 b g_timeSteadyClock
0000000000032d98 0000000000000010 b g_timeNetworkSystemClock
0000000000032da8 0000000000000010 b g_timeUserSystemClock
0000000000032db8 0000000000000010 b g_timeSrv
0000000000032dc8 0000000000000004 V __nx_time_service_type
0000000000032dd0 0000000000000008 b g_viGuard
0000000000032dd8 0000000000000010 b g_viIHOSBinderDriverIndirect
0000000000032de8 0000000000000010 b g_viIManagerDisplayService
0000000000032df8 0000000000000010 b g_viISystemDisplayService
0000000000032e08 0000000000000010 b g_viIHOSBinderDriverRelay
0000000000032e18 0000000000000010 b g_viIApplicationDisplayService
0000000000032e28 0000000000000010 b g_viRootService
0000000000032e38 0000000000000008 V __nx_vi_layer_id
0000000000032e40 0000000000000008 b g_nvFenceGuard
0000000000032e48 0000000000000300 b g_NvEvents
0000000000033148 0000000000000008 b g_NvEventUsedMask
0000000000033150 0000000000000008 b g_nvMapGuard
0000000000033158 0000000000000050 B __malloc_current_mallinfo
00000000000331a8 0000000000000008 B __malloc_max_total_mem
00000000000331b0 0000000000000008 B __malloc_max_sbrked_mem
00000000000331b8 0000000000000008 B __malloc_top_pad
00000000000331c0 0000000000000008 b __sfp_recursive_mutex
00000000000331c8 0000000000000228 B __sf
00000000000333f0 0000000000000008 B __stdio_exit_handler
00000000000333f8 0000000000000008 b __malloc_recursive_mutex
0000000000033400 0000000000000004 b alloced.0
0000000000033408 0000000000000008 b initial_env
0000000000033410 0000000000000008 b __env_recursive_mutex
0000000000033420 0000000000000400 b temp_cwd
0000000000033820 0000000000000004 b __hndl_lock
0000000000033828 0000000000000008 B fake_heap_start
0000000000033830 0000000000000008 B fake_heap_end
0000000000033838 0000000000000008 b heap_start.0
0000000000033840 b __tls_start
0000000000033c50 b __bss_end__
0000000000033c50 b __end__
0000000000033c50 b __tls_end
0000000000034000 b __argdata__
